
> Configure project :app
WARNING: The option setting 'android.usesSdkInManifest.disallowed=false' is deprecated.
The current default is 'true'.
It will be removed in version 10.0 of the Android Gradle plugin.
WARNING: The option setting 'android.sdk.defaultTargetSdkToCompileSdkIfUnset=false' is deprecated.
The current default is 'true'.
It will be removed in version 10.0 of the Android Gradle plugin.
WARNING: The option setting 'android.enableAppCompileTimeRClass=false' is deprecated.
The current default is 'true'.
It will be removed in version 10.0 of the Android Gradle plugin.
WARNING: The option setting 'android.builtInKotlin=false' is deprecated.
The current default is 'true'.
It will be removed in version 10.0 of the Android Gradle plugin.
WARNING: The option setting 'android.newDsl=false' is deprecated.
The current default is 'true'.
It will be removed in version 10.0 of the Android Gradle plugin.
WARNING: The option setting 'android.r8.optimizedResourceShrinking=false' is deprecated.
The current default is 'true'.
It will be removed in version 10.0 of the Android Gradle plugin.
WARNING: The option setting 'android.defaults.buildfeatures.resvalues=true' is deprecated.
The current default is 'false'.
It will be removed in version 10.0 of the Android Gradle plugin.
WARNING: Using flatDir should be avoided because it doesn't support any meta-data formats.
WARNING: The property android.dependency.excludeLibraryComponentsFromConstraints improves project import performance for very large projects. It should be enabled to improve performance.
To suppress this warning, add android.generateSyncIssueWhenLibraryConstraintsAreEnabled=false to gradle.properties
WARNING: The property android.dependency.excludeLibraryComponentsFromConstraints improves project import performance for very large projects. It should be enabled to improve performance.
To suppress this warning, add android.generateSyncIssueWhenLibraryConstraintsAreEnabled=false to gradle.properties
WARNING: The property android.dependency.excludeLibraryComponentsFromConstraints improves project import performance for very large projects. It should be enabled to improve performance.
To suppress this warning, add android.generateSyncIssueWhenLibraryConstraintsAreEnabled=false to gradle.properties
WARNING: The property android.dependency.excludeLibraryComponentsFromConstraints improves project import performance for very large projects. It should be enabled to improve performance.
To suppress this warning, add android.generateSyncIssueWhenLibraryConstraintsAreEnabled=false to gradle.properties

> Configure project :capacitor-android
WARNING: The property android.dependency.excludeLibraryComponentsFromConstraints improves project import performance for very large projects. It should be enabled to improve performance.
To suppress this warning, add android.generateSyncIssueWhenLibraryConstraintsAreEnabled=false to gradle.properties
WARNING: The property android.dependency.excludeLibraryComponentsFromConstraints improves project import performance for very large projects. It should be enabled to improve performance.
To suppress this warning, add android.generateSyncIssueWhenLibraryConstraintsAreEnabled=false to gradle.properties
WARNING: The property android.dependency.excludeLibraryComponentsFromConstraints improves project import performance for very large projects. It should be enabled to improve performance.
To suppress this warning, add android.generateSyncIssueWhenLibraryConstraintsAreEnabled=false to gradle.properties
WARNING: The property android.dependency.excludeLibraryComponentsFromConstraints improves project import performance for very large projects. It should be enabled to improve performance.
To suppress this warning, add android.generateSyncIssueWhenLibraryConstraintsAreEnabled=false to gradle.properties

> Configure project :capacitor-app
WARNING: The property android.dependency.excludeLibraryComponentsFromConstraints improves project import performance for very large projects. It should be enabled to improve performance.
To suppress this warning, add android.generateSyncIssueWhenLibraryConstraintsAreEnabled=false to gradle.properties
WARNING: The property android.dependency.excludeLibraryComponentsFromConstraints improves project import performance for very large projects. It should be enabled to improve performance.
To suppress this warning, add android.generateSyncIssueWhenLibraryConstraintsAreEnabled=false to gradle.properties
WARNING: The property android.dependency.excludeLibraryComponentsFromConstraints improves project import performance for very large projects. It should be enabled to improve performance.
To suppress this warning, add android.generateSyncIssueWhenLibraryConstraintsAreEnabled=false to gradle.properties
WARNING: The property android.dependency.excludeLibraryComponentsFromConstraints improves project import performance for very large projects. It should be enabled to improve performance.
To suppress this warning, add android.generateSyncIssueWhenLibraryConstraintsAreEnabled=false to gradle.properties

> Configure project :capacitor-community-admob
WARNING: The property android.dependency.excludeLibraryComponentsFromConstraints improves project import performance for very large projects. It should be enabled to improve performance.
To suppress this warning, add android.generateSyncIssueWhenLibraryConstraintsAreEnabled=false to gradle.properties
WARNING: The property android.dependency.excludeLibraryComponentsFromConstraints improves project import performance for very large projects. It should be enabled to improve performance.
To suppress this warning, add android.generateSyncIssueWhenLibraryConstraintsAreEnabled=false to gradle.properties
WARNING: The property android.dependency.excludeLibraryComponentsFromConstraints improves project import performance for very large projects. It should be enabled to improve performance.
To suppress this warning, add android.generateSyncIssueWhenLibraryConstraintsAreEnabled=false to gradle.properties
WARNING: The property android.dependency.excludeLibraryComponentsFromConstraints improves project import performance for very large projects. It should be enabled to improve performance.
To suppress this warning, add android.generateSyncIssueWhenLibraryConstraintsAreEnabled=false to gradle.properties

> Configure project :capacitor-community-in-app-review
WARNING: The property android.dependency.excludeLibraryComponentsFromConstraints improves project import performance for very large projects. It should be enabled to improve performance.
To suppress this warning, add android.generateSyncIssueWhenLibraryConstraintsAreEnabled=false to gradle.properties
WARNING: The property android.dependency.excludeLibraryComponentsFromConstraints improves project import performance for very large projects. It should be enabled to improve performance.
To suppress this warning, add android.generateSyncIssueWhenLibraryConstraintsAreEnabled=false to gradle.properties
WARNING: The property android.dependency.excludeLibraryComponentsFromConstraints improves project import performance for very large projects. It should be enabled to improve performance.
To suppress this warning, add android.generateSyncIssueWhenLibraryConstraintsAreEnabled=false to gradle.properties
WARNING: The property android.dependency.excludeLibraryComponentsFromConstraints improves project import performance for very large projects. It should be enabled to improve performance.
To suppress this warning, add android.generateSyncIssueWhenLibraryConstraintsAreEnabled=false to gradle.properties

> Configure project :capacitor-community-keep-awake
WARNING: The property android.dependency.excludeLibraryComponentsFromConstraints improves project import performance for very large projects. It should be enabled to improve performance.
To suppress this warning, add android.generateSyncIssueWhenLibraryConstraintsAreEnabled=false to gradle.properties
WARNING: The property android.dependency.excludeLibraryComponentsFromConstraints improves project import performance for very large projects. It should be enabled to improve performance.
To suppress this warning, add android.generateSyncIssueWhenLibraryConstraintsAreEnabled=false to gradle.properties
WARNING: The property android.dependency.excludeLibraryComponentsFromConstraints improves project import performance for very large projects. It should be enabled to improve performance.
To suppress this warning, add android.generateSyncIssueWhenLibraryConstraintsAreEnabled=false to gradle.properties
WARNING: The property android.dependency.excludeLibraryComponentsFromConstraints improves project import performance for very large projects. It should be enabled to improve performance.
To suppress this warning, add android.generateSyncIssueWhenLibraryConstraintsAreEnabled=false to gradle.properties

> Configure project :capacitor-community-speech-recognition
WARNING: The property android.dependency.excludeLibraryComponentsFromConstraints improves project import performance for very large projects. It should be enabled to improve performance.
To suppress this warning, add android.generateSyncIssueWhenLibraryConstraintsAreEnabled=false to gradle.properties
WARNING: The property android.dependency.excludeLibraryComponentsFromConstraints improves project import performance for very large projects. It should be enabled to improve performance.
To suppress this warning, add android.generateSyncIssueWhenLibraryConstraintsAreEnabled=false to gradle.properties
WARNING: The property android.dependency.excludeLibraryComponentsFromConstraints improves project import performance for very large projects. It should be enabled to improve performance.
To suppress this warning, add android.generateSyncIssueWhenLibraryConstraintsAreEnabled=false to gradle.properties
WARNING: The property android.dependency.excludeLibraryComponentsFromConstraints improves project import performance for very large projects. It should be enabled to improve performance.
To suppress this warning, add android.generateSyncIssueWhenLibraryConstraintsAreEnabled=false to gradle.properties

> Configure project :capacitor-community-text-to-speech
WARNING: The property android.dependency.excludeLibraryComponentsFromConstraints improves project import performance for very large projects. It should be enabled to improve performance.
To suppress this warning, add android.generateSyncIssueWhenLibraryConstraintsAreEnabled=false to gradle.properties
WARNING: The property android.dependency.excludeLibraryComponentsFromConstraints improves project import performance for very large projects. It should be enabled to improve performance.
To suppress this warning, add android.generateSyncIssueWhenLibraryConstraintsAreEnabled=false to gradle.properties
WARNING: The property android.dependency.excludeLibraryComponentsFromConstraints improves project import performance for very large projects. It should be enabled to improve performance.
To suppress this warning, add android.generateSyncIssueWhenLibraryConstraintsAreEnabled=false to gradle.properties
WARNING: The property android.dependency.excludeLibraryComponentsFromConstraints improves project import performance for very large projects. It should be enabled to improve performance.
To suppress this warning, add android.generateSyncIssueWhenLibraryConstraintsAreEnabled=false to gradle.properties

> Configure project :capacitor-cordova-android-plugins
WARNING: Using flatDir should be avoided because it doesn't support any meta-data formats.
WARNING: The property android.dependency.excludeLibraryComponentsFromConstraints improves project import performance for very large projects. It should be enabled to improve performance.
To suppress this warning, add android.generateSyncIssueWhenLibraryConstraintsAreEnabled=false to gradle.properties
WARNING: The property android.dependency.excludeLibraryComponentsFromConstraints improves project import performance for very large projects. It should be enabled to improve performance.
To suppress this warning, add android.generateSyncIssueWhenLibraryConstraintsAreEnabled=false to gradle.properties
WARNING: The property android.dependency.excludeLibraryComponentsFromConstraints improves project import performance for very large projects. It should be enabled to improve performance.
To suppress this warning, add android.generateSyncIssueWhenLibraryConstraintsAreEnabled=false to gradle.properties
WARNING: The property android.dependency.excludeLibraryComponentsFromConstraints improves project import performance for very large projects. It should be enabled to improve performance.
To suppress this warning, add android.generateSyncIssueWhenLibraryConstraintsAreEnabled=false to gradle.properties

> Configure project :capacitor-filesystem
WARNING: The property android.dependency.excludeLibraryComponentsFromConstraints improves project import performance for very large projects. It should be enabled to improve performance.
To suppress this warning, add android.generateSyncIssueWhenLibraryConstraintsAreEnabled=false to gradle.properties
WARNING: The property android.dependency.excludeLibraryComponentsFromConstraints improves project import performance for very large projects. It should be enabled to improve performance.
To suppress this warning, add android.generateSyncIssueWhenLibraryConstraintsAreEnabled=false to gradle.properties
WARNING: The property android.dependency.excludeLibraryComponentsFromConstraints improves project import performance for very large projects. It should be enabled to improve performance.
To suppress this warning, add android.generateSyncIssueWhenLibraryConstraintsAreEnabled=false to gradle.properties
WARNING: The property android.dependency.excludeLibraryComponentsFromConstraints improves project import performance for very large projects. It should be enabled to improve performance.
To suppress this warning, add android.generateSyncIssueWhenLibraryConstraintsAreEnabled=false to gradle.properties

> Configure project :capacitor-firebase-authentication
WARNING: The property android.dependency.excludeLibraryComponentsFromConstraints improves project import performance for very large projects. It should be enabled to improve performance.
To suppress this warning, add android.generateSyncIssueWhenLibraryConstraintsAreEnabled=false to gradle.properties
WARNING: The property android.dependency.excludeLibraryComponentsFromConstraints improves project import performance for very large projects. It should be enabled to improve performance.
To suppress this warning, add android.generateSyncIssueWhenLibraryConstraintsAreEnabled=false to gradle.properties
WARNING: The property android.dependency.excludeLibraryComponentsFromConstraints improves project import performance for very large projects. It should be enabled to improve performance.
To suppress this warning, add android.generateSyncIssueWhenLibraryConstraintsAreEnabled=false to gradle.properties
WARNING: The property android.dependency.excludeLibraryComponentsFromConstraints improves project import performance for very large projects. It should be enabled to improve performance.
To suppress this warning, add android.generateSyncIssueWhenLibraryConstraintsAreEnabled=false to gradle.properties

> Configure project :capacitor-local-notifications
WARNING: The property android.dependency.excludeLibraryComponentsFromConstraints improves project import performance for very large projects. It should be enabled to improve performance.
To suppress this warning, add android.generateSyncIssueWhenLibraryConstraintsAreEnabled=false to gradle.properties
WARNING: The property android.dependency.excludeLibraryComponentsFromConstraints improves project import performance for very large projects. It should be enabled to improve performance.
To suppress this warning, add android.generateSyncIssueWhenLibraryConstraintsAreEnabled=false to gradle.properties
WARNING: The property android.dependency.excludeLibraryComponentsFromConstraints improves project import performance for very large projects. It should be enabled to improve performance.
To suppress this warning, add android.generateSyncIssueWhenLibraryConstraintsAreEnabled=false to gradle.properties
WARNING: The property android.dependency.excludeLibraryComponentsFromConstraints improves project import performance for very large projects. It should be enabled to improve performance.
To suppress this warning, add android.generateSyncIssueWhenLibraryConstraintsAreEnabled=false to gradle.properties

> Configure project :revenuecat-purchases-capacitor
WARNING: The property android.dependency.excludeLibraryComponentsFromConstraints improves project import performance for very large projects. It should be enabled to improve performance.
To suppress this warning, add android.generateSyncIssueWhenLibraryConstraintsAreEnabled=false to gradle.properties
WARNING: The property android.dependency.excludeLibraryComponentsFromConstraints improves project import performance for very large projects. It should be enabled to improve performance.
To suppress this warning, add android.generateSyncIssueWhenLibraryConstraintsAreEnabled=false to gradle.properties
WARNING: The property android.dependency.excludeLibraryComponentsFromConstraints improves project import performance for very large projects. It should be enabled to improve performance.
To suppress this warning, add android.generateSyncIssueWhenLibraryConstraintsAreEnabled=false to gradle.properties
WARNING: The property android.dependency.excludeLibraryComponentsFromConstraints improves project import performance for very large projects. It should be enabled to improve performance.
To suppress this warning, add android.generateSyncIssueWhenLibraryConstraintsAreEnabled=false to gradle.properties

> Task :app:preBuild UP-TO-DATE
> Task :app:preReleaseBuild UP-TO-DATE
> Task :capacitor-android:preBuild UP-TO-DATE
> Task :capacitor-android:preReleaseBuild UP-TO-DATE
> Task :capacitor-android:processReleaseNavigationResources UP-TO-DATE
> Task :capacitor-app:preBuild UP-TO-DATE
> Task :capacitor-app:preReleaseBuild UP-TO-DATE
> Task :capacitor-app:processReleaseNavigationResources UP-TO-DATE
> Task :capacitor-community-admob:preBuild UP-TO-DATE
> Task :capacitor-community-admob:preReleaseBuild UP-TO-DATE
> Task :capacitor-community-admob:processReleaseNavigationResources UP-TO-DATE
> Task :capacitor-community-in-app-review:preBuild UP-TO-DATE
> Task :capacitor-community-in-app-review:preReleaseBuild UP-TO-DATE
> Task :capacitor-community-in-app-review:processReleaseNavigationResources UP-TO-DATE
> Task :capacitor-community-keep-awake:preBuild UP-TO-DATE
> Task :capacitor-community-keep-awake:preReleaseBuild UP-TO-DATE
> Task :capacitor-community-keep-awake:processReleaseNavigationResources UP-TO-DATE
> Task :capacitor-community-speech-recognition:preBuild UP-TO-DATE
> Task :capacitor-community-speech-recognition:preReleaseBuild UP-TO-DATE
> Task :capacitor-community-speech-recognition:processReleaseNavigationResources UP-TO-DATE
> Task :capacitor-community-text-to-speech:preBuild UP-TO-DATE
> Task :capacitor-community-text-to-speech:preReleaseBuild UP-TO-DATE
> Task :capacitor-community-text-to-speech:processReleaseNavigationResources UP-TO-DATE
> Task :capacitor-cordova-android-plugins:preBuild UP-TO-DATE
> Task :capacitor-cordova-android-plugins:preReleaseBuild UP-TO-DATE
> Task :capacitor-cordova-android-plugins:processReleaseNavigationResources UP-TO-DATE
> Task :capacitor-filesystem:preBuild UP-TO-DATE
> Task :capacitor-filesystem:preReleaseBuild UP-TO-DATE
> Task :capacitor-filesystem:processReleaseNavigationResources UP-TO-DATE
> Task :capacitor-firebase-authentication:preBuild UP-TO-DATE
> Task :capacitor-firebase-authentication:preReleaseBuild UP-TO-DATE
> Task :capacitor-firebase-authentication:processReleaseNavigationResources UP-TO-DATE
> Task :capacitor-local-notifications:preBuild UP-TO-DATE
> Task :capacitor-local-notifications:preReleaseBuild UP-TO-DATE
> Task :capacitor-local-notifications:processReleaseNavigationResources UP-TO-DATE
> Task :revenuecat-purchases-capacitor:preBuild UP-TO-DATE
> Task :revenuecat-purchases-capacitor:preReleaseBuild UP-TO-DATE
> Task :revenuecat-purchases-capacitor:processReleaseNavigationResources UP-TO-DATE
> Task :app:processReleaseNavigationResources UP-TO-DATE
> Task :app:compileReleaseNavigationResources UP-TO-DATE
> Task :app:generateReleaseResValues UP-TO-DATE
> Task :capacitor-android:generateReleaseResValues UP-TO-DATE
> Task :capacitor-android:generateReleaseResources UP-TO-DATE
> Task :capacitor-android:packageReleaseResources UP-TO-DATE
> Task :capacitor-app:generateReleaseResValues UP-TO-DATE
> Task :capacitor-app:generateReleaseResources UP-TO-DATE
> Task :capacitor-app:packageReleaseResources UP-TO-DATE
> Task :capacitor-community-admob:generateReleaseResValues UP-TO-DATE
> Task :capacitor-community-admob:generateReleaseResources UP-TO-DATE
> Task :capacitor-community-admob:packageReleaseResources UP-TO-DATE
> Task :capacitor-community-in-app-review:generateReleaseResValues UP-TO-DATE
> Task :capacitor-community-in-app-review:generateReleaseResources UP-TO-DATE
> Task :capacitor-community-in-app-review:packageReleaseResources UP-TO-DATE
> Task :capacitor-community-keep-awake:generateReleaseResValues UP-TO-DATE
> Task :capacitor-community-keep-awake:generateReleaseResources UP-TO-DATE
> Task :capacitor-community-keep-awake:packageReleaseResources UP-TO-DATE
> Task :capacitor-community-speech-recognition:generateReleaseResValues UP-TO-DATE
> Task :capacitor-community-speech-recognition:generateReleaseResources UP-TO-DATE
> Task :capacitor-community-speech-recognition:packageReleaseResources UP-TO-DATE
> Task :capacitor-community-text-to-speech:generateReleaseResValues UP-TO-DATE
> Task :capacitor-community-text-to-speech:generateReleaseResources UP-TO-DATE
> Task :capacitor-community-text-to-speech:packageReleaseResources UP-TO-DATE
> Task :capacitor-cordova-android-plugins:generateReleaseResValues UP-TO-DATE
> Task :capacitor-cordova-android-plugins:generateReleaseResources UP-TO-DATE
> Task :capacitor-cordova-android-plugins:packageReleaseResources UP-TO-DATE
> Task :capacitor-filesystem:generateReleaseResValues UP-TO-DATE
> Task :capacitor-filesystem:generateReleaseResources UP-TO-DATE
> Task :capacitor-filesystem:packageReleaseResources UP-TO-DATE
> Task :capacitor-firebase-authentication:generateReleaseResValues UP-TO-DATE
> Task :capacitor-firebase-authentication:generateReleaseResources UP-TO-DATE
> Task :capacitor-firebase-authentication:packageReleaseResources UP-TO-DATE
> Task :capacitor-local-notifications:generateReleaseResValues UP-TO-DATE
> Task :capacitor-local-notifications:generateReleaseResources UP-TO-DATE
> Task :capacitor-local-notifications:packageReleaseResources UP-TO-DATE
> Task :revenuecat-purchases-capacitor:generateReleaseResValues UP-TO-DATE
> Task :revenuecat-purchases-capacitor:generateReleaseResources UP-TO-DATE
> Task :revenuecat-purchases-capacitor:packageReleaseResources UP-TO-DATE
> Task :app:mapReleaseSourceSetPaths UP-TO-DATE
> Task :app:generateReleaseResources UP-TO-DATE
> Task :app:mergeReleaseResources UP-TO-DATE
> Task :app:createReleaseCompatibleScreenManifests UP-TO-DATE
> Task :app:extractDeepLinksRelease UP-TO-DATE
> Task :capacitor-android:extractDeepLinksRelease UP-TO-DATE
> Task :capacitor-android:processReleaseManifest UP-TO-DATE
> Task :capacitor-app:extractDeepLinksRelease UP-TO-DATE
> Task :capacitor-app:processReleaseManifest UP-TO-DATE
> Task :capacitor-community-admob:extractDeepLinksRelease UP-TO-DATE
> Task :capacitor-community-admob:processReleaseManifest UP-TO-DATE
> Task :capacitor-community-in-app-review:extractDeepLinksRelease UP-TO-DATE
> Task :capacitor-community-in-app-review:processReleaseManifest UP-TO-DATE
> Task :capacitor-community-keep-awake:extractDeepLinksRelease UP-TO-DATE
> Task :capacitor-community-keep-awake:processReleaseManifest UP-TO-DATE
> Task :capacitor-community-speech-recognition:extractDeepLinksRelease UP-TO-DATE
> Task :capacitor-community-speech-recognition:processReleaseManifest UP-TO-DATE
> Task :capacitor-community-text-to-speech:extractDeepLinksRelease UP-TO-DATE
> Task :capacitor-community-text-to-speech:processReleaseManifest UP-TO-DATE
> Task :capacitor-cordova-android-plugins:extractDeepLinksRelease UP-TO-DATE
> Task :capacitor-cordova-android-plugins:processReleaseManifest UP-TO-DATE
> Task :capacitor-filesystem:extractDeepLinksRelease UP-TO-DATE
> Task :capacitor-filesystem:processReleaseManifest UP-TO-DATE
> Task :capacitor-firebase-authentication:extractDeepLinksRelease UP-TO-DATE
> Task :capacitor-firebase-authentication:processReleaseManifest UP-TO-DATE
> Task :capacitor-local-notifications:extractDeepLinksRelease UP-TO-DATE
> Task :capacitor-local-notifications:processReleaseManifest UP-TO-DATE
> Task :revenuecat-purchases-capacitor:extractDeepLinksRelease UP-TO-DATE
> Task :revenuecat-purchases-capacitor:processReleaseManifest UP-TO-DATE
> Task :app:processReleaseMainManifest UP-TO-DATE
> Task :app:processReleaseManifest UP-TO-DATE
> Task :app:processApplicationManifestReleaseForBundle UP-TO-DATE
> Task :capacitor-android:writeReleaseAarMetadata UP-TO-DATE
> Task :capacitor-app:writeReleaseAarMetadata UP-TO-DATE
> Task :capacitor-community-admob:writeReleaseAarMetadata UP-TO-DATE
> Task :capacitor-community-in-app-review:writeReleaseAarMetadata UP-TO-DATE
> Task :capacitor-community-keep-awake:writeReleaseAarMetadata UP-TO-DATE
> Task :capacitor-community-speech-recognition:writeReleaseAarMetadata UP-TO-DATE
> Task :capacitor-community-text-to-speech:writeReleaseAarMetadata UP-TO-DATE
> Task :capacitor-cordova-android-plugins:writeReleaseAarMetadata UP-TO-DATE
> Task :capacitor-filesystem:writeReleaseAarMetadata UP-TO-DATE
> Task :capacitor-firebase-authentication:writeReleaseAarMetadata UP-TO-DATE
> Task :capacitor-local-notifications:writeReleaseAarMetadata UP-TO-DATE
> Task :revenuecat-purchases-capacitor:writeReleaseAarMetadata UP-TO-DATE
> Task :app:checkReleaseAarMetadata UP-TO-DATE
> Task :app:packageReleaseResources UP-TO-DATE
> Task :app:parseReleaseLocalResources UP-TO-DATE
> Task :app:processReleaseManifestForPackage UP-TO-DATE
> Task :capacitor-android:compileReleaseLibraryResources UP-TO-DATE
> Task :capacitor-android:parseReleaseLocalResources UP-TO-DATE
> Task :capacitor-android:generateReleaseRFile UP-TO-DATE
> Task :capacitor-app:compileReleaseLibraryResources UP-TO-DATE
> Task :capacitor-app:parseReleaseLocalResources UP-TO-DATE
> Task :capacitor-app:generateReleaseRFile UP-TO-DATE
> Task :capacitor-community-admob:compileReleaseLibraryResources UP-TO-DATE
> Task :capacitor-community-admob:parseReleaseLocalResources UP-TO-DATE
> Task :capacitor-community-admob:generateReleaseRFile UP-TO-DATE
> Task :capacitor-community-in-app-review:compileReleaseLibraryResources UP-TO-DATE
> Task :capacitor-community-in-app-review:parseReleaseLocalResources UP-TO-DATE
> Task :capacitor-community-in-app-review:generateReleaseRFile UP-TO-DATE
> Task :capacitor-community-keep-awake:compileReleaseLibraryResources UP-TO-DATE
> Task :capacitor-community-keep-awake:parseReleaseLocalResources UP-TO-DATE
> Task :capacitor-community-keep-awake:generateReleaseRFile UP-TO-DATE
> Task :capacitor-community-speech-recognition:compileReleaseLibraryResources UP-TO-DATE
> Task :capacitor-community-speech-recognition:parseReleaseLocalResources UP-TO-DATE
> Task :capacitor-community-speech-recognition:generateReleaseRFile UP-TO-DATE
> Task :capacitor-community-text-to-speech:compileReleaseLibraryResources UP-TO-DATE
> Task :capacitor-community-text-to-speech:parseReleaseLocalResources UP-TO-DATE
> Task :capacitor-community-text-to-speech:generateReleaseRFile UP-TO-DATE
> Task :capacitor-cordova-android-plugins:compileReleaseLibraryResources UP-TO-DATE
> Task :capacitor-cordova-android-plugins:parseReleaseLocalResources UP-TO-DATE
> Task :capacitor-cordova-android-plugins:generateReleaseRFile UP-TO-DATE
> Task :capacitor-filesystem:compileReleaseLibraryResources UP-TO-DATE
> Task :capacitor-filesystem:parseReleaseLocalResources UP-TO-DATE
> Task :capacitor-filesystem:generateReleaseRFile UP-TO-DATE
> Task :capacitor-firebase-authentication:compileReleaseLibraryResources UP-TO-DATE
> Task :capacitor-firebase-authentication:parseReleaseLocalResources UP-TO-DATE
> Task :capacitor-firebase-authentication:generateReleaseRFile UP-TO-DATE
> Task :capacitor-local-notifications:compileReleaseLibraryResources UP-TO-DATE
> Task :capacitor-local-notifications:parseReleaseLocalResources UP-TO-DATE
> Task :capacitor-local-notifications:generateReleaseRFile UP-TO-DATE
> Task :revenuecat-purchases-capacitor:compileReleaseLibraryResources UP-TO-DATE
> Task :revenuecat-purchases-capacitor:parseReleaseLocalResources UP-TO-DATE
> Task :revenuecat-purchases-capacitor:generateReleaseRFile UP-TO-DATE
> Task :app:processReleaseResources UP-TO-DATE
> Task :app:bundleReleaseResources UP-TO-DATE
> Task :app:extractReleaseVersionControlInfo UP-TO-DATE
> Task :capacitor-android:javaPreCompileRelease UP-TO-DATE
> Task :capacitor-android:compileReleaseJavaWithJavac UP-TO-DATE
> Task :capacitor-android:bundleLibCompileToJarRelease UP-TO-DATE
> Task :capacitor-community-admob:checkKotlinGradlePluginConfigurationErrors SKIPPED
> Task :capacitor-community-admob:compileReleaseKotlin UP-TO-DATE
> Task :capacitor-community-admob:javaPreCompileRelease UP-TO-DATE
> Task :capacitor-community-admob:compileReleaseJavaWithJavac UP-TO-DATE
> Task :capacitor-community-admob:bundleLibRuntimeToDirRelease UP-TO-DATE
> Task :capacitor-community-in-app-review:javaPreCompileRelease UP-TO-DATE
> Task :capacitor-community-in-app-review:compileReleaseJavaWithJavac UP-TO-DATE
> Task :capacitor-community-in-app-review:bundleLibRuntimeToDirRelease UP-TO-DATE
> Task :capacitor-community-keep-awake:javaPreCompileRelease UP-TO-DATE
> Task :capacitor-community-keep-awake:compileReleaseJavaWithJavac UP-TO-DATE
> Task :capacitor-community-keep-awake:bundleLibRuntimeToDirRelease UP-TO-DATE
> Task :capacitor-community-speech-recognition:javaPreCompileRelease UP-TO-DATE
> Task :capacitor-community-speech-recognition:compileReleaseJavaWithJavac UP-TO-DATE
> Task :capacitor-community-speech-recognition:bundleLibRuntimeToDirRelease UP-TO-DATE
> Task :capacitor-community-text-to-speech:javaPreCompileRelease UP-TO-DATE
> Task :capacitor-community-text-to-speech:compileReleaseJavaWithJavac UP-TO-DATE
> Task :capacitor-community-text-to-speech:bundleLibRuntimeToDirRelease UP-TO-DATE
> Task :capacitor-firebase-authentication:javaPreCompileRelease UP-TO-DATE
> Task :capacitor-firebase-authentication:compileReleaseJavaWithJavac UP-TO-DATE
> Task :capacitor-firebase-authentication:bundleLibRuntimeToDirRelease UP-TO-DATE
> Task :capacitor-app:javaPreCompileRelease UP-TO-DATE
> Task :capacitor-app:compileReleaseJavaWithJavac UP-TO-DATE
> Task :capacitor-app:bundleLibRuntimeToDirRelease UP-TO-DATE
> Task :capacitor-filesystem:checkKotlinGradlePluginConfigurationErrors SKIPPED
> Task :capacitor-filesystem:compileReleaseKotlin UP-TO-DATE
> Task :capacitor-filesystem:javaPreCompileRelease UP-TO-DATE
> Task :capacitor-filesystem:compileReleaseJavaWithJavac NO-SOURCE
> Task :capacitor-filesystem:bundleLibRuntimeToDirRelease UP-TO-DATE
> Task :capacitor-local-notifications:javaPreCompileRelease UP-TO-DATE
> Task :capacitor-local-notifications:compileReleaseJavaWithJavac UP-TO-DATE
> Task :capacitor-local-notifications:bundleLibRuntimeToDirRelease UP-TO-DATE
> Task :revenuecat-purchases-capacitor:checkKotlinGradlePluginConfigurationErrors SKIPPED
> Task :revenuecat-purchases-capacitor:compileReleaseKotlin UP-TO-DATE
> Task :revenuecat-purchases-capacitor:javaPreCompileRelease UP-TO-DATE
> Task :revenuecat-purchases-capacitor:compileReleaseJavaWithJavac NO-SOURCE
> Task :revenuecat-purchases-capacitor:bundleLibRuntimeToDirRelease UP-TO-DATE
> Task :capacitor-android:bundleLibRuntimeToDirRelease UP-TO-DATE
> Task :capacitor-cordova-android-plugins:javaPreCompileRelease UP-TO-DATE
> Task :capacitor-cordova-android-plugins:compileReleaseJavaWithJavac NO-SOURCE
> Task :capacitor-cordova-android-plugins:bundleLibRuntimeToDirRelease UP-TO-DATE
> Task :app:checkReleaseDuplicateClasses UP-TO-DATE
> Task :app:javaPreCompileRelease UP-TO-DATE
> Task :capacitor-app:bundleLibCompileToJarRelease UP-TO-DATE
> Task :capacitor-community-admob:bundleLibCompileToJarRelease UP-TO-DATE
> Task :capacitor-community-in-app-review:bundleLibCompileToJarRelease UP-TO-DATE
> Task :capacitor-community-keep-awake:bundleLibCompileToJarRelease UP-TO-DATE
> Task :capacitor-community-speech-recognition:bundleLibCompileToJarRelease UP-TO-DATE
> Task :capacitor-community-text-to-speech:bundleLibCompileToJarRelease UP-TO-DATE
> Task :capacitor-cordova-android-plugins:bundleLibCompileToJarRelease UP-TO-DATE
> Task :capacitor-filesystem:bundleLibCompileToJarRelease UP-TO-DATE
> Task :capacitor-firebase-authentication:bundleLibCompileToJarRelease UP-TO-DATE
> Task :capacitor-local-notifications:bundleLibCompileToJarRelease UP-TO-DATE
> Task :revenuecat-purchases-capacitor:bundleLibCompileToJarRelease UP-TO-DATE
> Task :app:compileReleaseJavaWithJavac
> Task :app:dexBuilderRelease
> Task :app:desugarReleaseFileDependencies UP-TO-DATE
> Task :app:mergeReleaseStartupProfile UP-TO-DATE
> Task :app:mergeExtDexRelease UP-TO-DATE
> Task :app:generateReleaseAssets UP-TO-DATE
> Task :capacitor-android:generateReleaseAssets UP-TO-DATE
> Task :capacitor-android:mergeReleaseAssets UP-TO-DATE
> Task :capacitor-app:generateReleaseAssets UP-TO-DATE
> Task :capacitor-app:mergeReleaseAssets UP-TO-DATE
> Task :capacitor-community-admob:generateReleaseAssets UP-TO-DATE
> Task :capacitor-community-admob:mergeReleaseAssets UP-TO-DATE
> Task :capacitor-community-in-app-review:generateReleaseAssets UP-TO-DATE
> Task :capacitor-community-in-app-review:mergeReleaseAssets UP-TO-DATE
> Task :capacitor-community-keep-awake:generateReleaseAssets UP-TO-DATE
> Task :capacitor-community-keep-awake:mergeReleaseAssets UP-TO-DATE
> Task :capacitor-community-speech-recognition:generateReleaseAssets UP-TO-DATE
> Task :capacitor-community-speech-recognition:mergeReleaseAssets UP-TO-DATE
> Task :capacitor-community-text-to-speech:generateReleaseAssets UP-TO-DATE
> Task :capacitor-community-text-to-speech:mergeReleaseAssets UP-TO-DATE
> Task :capacitor-cordova-android-plugins:generateReleaseAssets UP-TO-DATE
> Task :capacitor-cordova-android-plugins:mergeReleaseAssets UP-TO-DATE
> Task :capacitor-filesystem:generateReleaseAssets UP-TO-DATE
> Task :capacitor-filesystem:mergeReleaseAssets UP-TO-DATE
> Task :capacitor-firebase-authentication:generateReleaseAssets UP-TO-DATE
> Task :capacitor-firebase-authentication:mergeReleaseAssets UP-TO-DATE
> Task :capacitor-local-notifications:generateReleaseAssets UP-TO-DATE
> Task :capacitor-local-notifications:mergeReleaseAssets UP-TO-DATE
> Task :revenuecat-purchases-capacitor:generateReleaseAssets UP-TO-DATE
> Task :revenuecat-purchases-capacitor:mergeReleaseAssets UP-TO-DATE
> Task :app:mergeReleaseAssets UP-TO-DATE
> Task :capacitor-community-admob:bundleLibRuntimeToJarRelease UP-TO-DATE
> Task :capacitor-community-in-app-review:bundleLibRuntimeToJarRelease UP-TO-DATE
> Task :capacitor-community-keep-awake:bundleLibRuntimeToJarRelease UP-TO-DATE
> Task :capacitor-community-speech-recognition:bundleLibRuntimeToJarRelease UP-TO-DATE
> Task :capacitor-community-text-to-speech:bundleLibRuntimeToJarRelease UP-TO-DATE
> Task :capacitor-firebase-authentication:bundleLibRuntimeToJarRelease UP-TO-DATE
> Task :capacitor-app:bundleLibRuntimeToJarRelease UP-TO-DATE
> Task :capacitor-filesystem:bundleLibRuntimeToJarRelease UP-TO-DATE
> Task :capacitor-local-notifications:bundleLibRuntimeToJarRelease UP-TO-DATE
> Task :capacitor-android:bundleLibRuntimeToJarRelease UP-TO-DATE
> Task :capacitor-cordova-android-plugins:bundleLibRuntimeToJarRelease UP-TO-DATE
> Task :app:processReleaseJavaRes NO-SOURCE
> Task :revenuecat-purchases-capacitor:bundleLibRuntimeToJarRelease
> Task :capacitor-android:processReleaseJavaRes NO-SOURCE
> Task :capacitor-app:processReleaseJavaRes NO-SOURCE
> Task :capacitor-community-admob:processReleaseJavaRes
> Task :capacitor-community-in-app-review:processReleaseJavaRes NO-SOURCE
> Task :capacitor-community-keep-awake:processReleaseJavaRes NO-SOURCE
> Task :capacitor-community-speech-recognition:processReleaseJavaRes NO-SOURCE
> Task :capacitor-community-text-to-speech:processReleaseJavaRes NO-SOURCE
> Task :capacitor-cordova-android-plugins:processReleaseJavaRes NO-SOURCE
> Task :capacitor-filesystem:processReleaseJavaRes
> Task :capacitor-firebase-authentication:processReleaseJavaRes NO-SOURCE
> Task :capacitor-local-notifications:processReleaseJavaRes NO-SOURCE
> Task :revenuecat-purchases-capacitor:processReleaseJavaRes
> Task :app:mergeReleaseJniLibFolders UP-TO-DATE
> Task :capacitor-android:mergeReleaseJniLibFolders UP-TO-DATE
> Task :capacitor-android:mergeReleaseNativeLibs NO-SOURCE
> Task :capacitor-android:copyReleaseJniLibsProjectOnly UP-TO-DATE
> Task :capacitor-app:mergeReleaseJniLibFolders UP-TO-DATE
> Task :capacitor-app:mergeReleaseNativeLibs NO-SOURCE
> Task :capacitor-app:copyReleaseJniLibsProjectOnly UP-TO-DATE
> Task :capacitor-community-admob:mergeReleaseJniLibFolders UP-TO-DATE
> Task :capacitor-community-admob:mergeReleaseNativeLibs NO-SOURCE
> Task :capacitor-community-admob:copyReleaseJniLibsProjectOnly UP-TO-DATE
> Task :capacitor-community-in-app-review:mergeReleaseJniLibFolders UP-TO-DATE
> Task :capacitor-community-in-app-review:mergeReleaseNativeLibs NO-SOURCE
> Task :capacitor-community-in-app-review:copyReleaseJniLibsProjectOnly UP-TO-DATE
> Task :capacitor-community-keep-awake:mergeReleaseJniLibFolders UP-TO-DATE
> Task :capacitor-community-keep-awake:mergeReleaseNativeLibs NO-SOURCE
> Task :capacitor-community-keep-awake:copyReleaseJniLibsProjectOnly UP-TO-DATE
> Task :capacitor-community-speech-recognition:mergeReleaseJniLibFolders UP-TO-DATE
> Task :capacitor-community-speech-recognition:mergeReleaseNativeLibs NO-SOURCE
> Task :capacitor-community-speech-recognition:copyReleaseJniLibsProjectOnly UP-TO-DATE
> Task :capacitor-community-text-to-speech:mergeReleaseJniLibFolders UP-TO-DATE
> Task :capacitor-community-text-to-speech:mergeReleaseNativeLibs NO-SOURCE
> Task :app:mergeReleaseGlobalSynthetics
> Task :capacitor-community-text-to-speech:copyReleaseJniLibsProjectOnly UP-TO-DATE
> Task :capacitor-cordova-android-plugins:mergeReleaseJniLibFolders UP-TO-DATE
> Task :capacitor-cordova-android-plugins:mergeReleaseNativeLibs NO-SOURCE
> Task :capacitor-cordova-android-plugins:copyReleaseJniLibsProjectOnly UP-TO-DATE
> Task :capacitor-filesystem:mergeReleaseJniLibFolders UP-TO-DATE
> Task :capacitor-filesystem:mergeReleaseNativeLibs NO-SOURCE
> Task :capacitor-filesystem:copyReleaseJniLibsProjectOnly UP-TO-DATE
> Task :capacitor-firebase-authentication:mergeReleaseJniLibFolders UP-TO-DATE
> Task :capacitor-firebase-authentication:mergeReleaseNativeLibs NO-SOURCE
> Task :capacitor-firebase-authentication:copyReleaseJniLibsProjectOnly UP-TO-DATE
> Task :capacitor-local-notifications:mergeReleaseJniLibFolders UP-TO-DATE
> Task :capacitor-local-notifications:mergeReleaseNativeLibs NO-SOURCE
> Task :capacitor-local-notifications:copyReleaseJniLibsProjectOnly UP-TO-DATE
> Task :revenuecat-purchases-capacitor:mergeReleaseJniLibFolders UP-TO-DATE
> Task :revenuecat-purchases-capacitor:mergeReleaseNativeLibs NO-SOURCE
> Task :revenuecat-purchases-capacitor:copyReleaseJniLibsProjectOnly UP-TO-DATE
> Task :app:mergeReleaseNativeLibs NO-SOURCE
> Task :app:stripReleaseDebugSymbols NO-SOURCE
> Task :app:writeReleaseAppMetadata UP-TO-DATE
> Task :capacitor-android:prepareReleaseArtProfile UP-TO-DATE
> Task :capacitor-app:prepareReleaseArtProfile UP-TO-DATE
> Task :capacitor-community-admob:prepareReleaseArtProfile UP-TO-DATE
> Task :capacitor-community-in-app-review:prepareReleaseArtProfile UP-TO-DATE
> Task :capacitor-community-keep-awake:prepareReleaseArtProfile UP-TO-DATE
> Task :capacitor-community-speech-recognition:prepareReleaseArtProfile UP-TO-DATE
> Task :capacitor-community-text-to-speech:prepareReleaseArtProfile UP-TO-DATE
> Task :capacitor-cordova-android-plugins:prepareReleaseArtProfile UP-TO-DATE
> Task :capacitor-filesystem:prepareReleaseArtProfile UP-TO-DATE
> Task :capacitor-firebase-authentication:prepareReleaseArtProfile UP-TO-DATE
> Task :capacitor-local-notifications:prepareReleaseArtProfile UP-TO-DATE
> Task :revenuecat-purchases-capacitor:prepareReleaseArtProfile UP-TO-DATE
> Task :app:mergeReleaseArtProfile UP-TO-DATE
> Task :app:collectReleaseDependencies UP-TO-DATE
> Task :app:configureReleaseDependencies UP-TO-DATE
> Task :app:extractReleaseNativeSymbolTables NO-SOURCE
> Task :app:extractProguardFiles UP-TO-DATE
> Task :capacitor-android:createFullJarRelease
> Task :capacitor-android:extractProguardFiles
> Task :capacitor-android:generateReleaseLintModel
> Task :capacitor-android:prepareLintJarForPublish
> Task :capacitor-app:createFullJarRelease
> Task :capacitor-app:extractProguardFiles
> Task :capacitor-app:generateReleaseLintModel
> Task :capacitor-app:prepareLintJarForPublish
> Task :capacitor-community-admob:createFullJarRelease
> Task :capacitor-community-admob:extractProguardFiles
> Task :capacitor-community-admob:generateReleaseLintModel
> Task :capacitor-community-admob:prepareLintJarForPublish
> Task :capacitor-community-in-app-review:createFullJarRelease
> Task :capacitor-community-in-app-review:extractProguardFiles
> Task :capacitor-community-in-app-review:generateReleaseLintModel
> Task :capacitor-community-in-app-review:prepareLintJarForPublish
> Task :capacitor-community-keep-awake:createFullJarRelease
> Task :capacitor-community-keep-awake:extractProguardFiles
> Task :capacitor-community-keep-awake:generateReleaseLintModel
> Task :capacitor-community-keep-awake:prepareLintJarForPublish
> Task :capacitor-community-speech-recognition:createFullJarRelease
> Task :capacitor-community-speech-recognition:extractProguardFiles
> Task :capacitor-community-speech-recognition:generateReleaseLintModel
> Task :capacitor-community-speech-recognition:prepareLintJarForPublish
> Task :capacitor-community-text-to-speech:createFullJarRelease
> Task :capacitor-community-text-to-speech:extractProguardFiles
> Task :capacitor-community-text-to-speech:generateReleaseLintModel
> Task :capacitor-community-text-to-speech:prepareLintJarForPublish
> Task :capacitor-cordova-android-plugins:createFullJarRelease
> Task :capacitor-cordova-android-plugins:extractProguardFiles
> Task :app:mergeReleaseJavaResource
> Task :capacitor-cordova-android-plugins:generateReleaseLintModel
> Task :capacitor-cordova-android-plugins:prepareLintJarForPublish
> Task :capacitor-filesystem:createFullJarRelease
> Task :capacitor-filesystem:extractProguardFiles
> Task :capacitor-filesystem:generateReleaseLintModel
> Task :capacitor-filesystem:prepareLintJarForPublish
> Task :capacitor-firebase-authentication:createFullJarRelease
> Task :capacitor-firebase-authentication:extractProguardFiles
> Task :capacitor-firebase-authentication:generateReleaseLintModel
> Task :capacitor-firebase-authentication:prepareLintJarForPublish
> Task :capacitor-local-notifications:createFullJarRelease
> Task :capacitor-local-notifications:extractProguardFiles
> Task :capacitor-local-notifications:generateReleaseLintModel
> Task :capacitor-local-notifications:prepareLintJarForPublish
> Task :revenuecat-purchases-capacitor:createFullJarRelease
> Task :revenuecat-purchases-capacitor:extractProguardFiles
> Task :revenuecat-purchases-capacitor:generateReleaseLintModel
> Task :revenuecat-purchases-capacitor:prepareLintJarForPublish
> Task :capacitor-community-admob:checkReleaseAarMetadata
> Task :app:generateReleaseLintVitalReportModel
> Task :capacitor-community-admob:stripReleaseDebugSymbols NO-SOURCE
> Task :capacitor-community-admob:copyReleaseJniLibsProjectAndLocalJars
> Task :capacitor-community-admob:extractDeepLinksForAarRelease
> Task :capacitor-community-admob:extractReleaseAnnotations
> Task :capacitor-community-admob:mergeReleaseGeneratedProguardFiles
> Task :capacitor-community-admob:mergeReleaseConsumerProguardFiles
> Task :capacitor-community-admob:mergeReleaseJavaResource
> Task :capacitor-community-in-app-review:checkReleaseAarMetadata
> Task :capacitor-community-admob:syncReleaseLibJars
> Task :capacitor-community-admob:bundleReleaseLocalLintAar
> Task :capacitor-community-in-app-review:stripReleaseDebugSymbols NO-SOURCE
> Task :capacitor-community-in-app-review:copyReleaseJniLibsProjectAndLocalJars
> Task :capacitor-community-in-app-review:extractDeepLinksForAarRelease
> Task :capacitor-community-in-app-review:extractReleaseAnnotations
> Task :capacitor-community-in-app-review:mergeReleaseGeneratedProguardFiles
> Task :capacitor-community-in-app-review:mergeReleaseConsumerProguardFiles
> Task :capacitor-community-in-app-review:mergeReleaseJavaResource
> Task :capacitor-community-keep-awake:checkReleaseAarMetadata
> Task :capacitor-community-in-app-review:syncReleaseLibJars
> Task :capacitor-community-in-app-review:bundleReleaseLocalLintAar
> Task :capacitor-community-keep-awake:stripReleaseDebugSymbols NO-SOURCE
> Task :capacitor-community-keep-awake:copyReleaseJniLibsProjectAndLocalJars
> Task :capacitor-community-keep-awake:extractDeepLinksForAarRelease
> Task :capacitor-community-keep-awake:extractReleaseAnnotations
> Task :capacitor-community-keep-awake:mergeReleaseGeneratedProguardFiles
> Task :capacitor-community-keep-awake:mergeReleaseConsumerProguardFiles
> Task :capacitor-community-keep-awake:mergeReleaseJavaResource
> Task :capacitor-community-speech-recognition:checkReleaseAarMetadata
> Task :capacitor-community-keep-awake:syncReleaseLibJars
> Task :capacitor-community-keep-awake:bundleReleaseLocalLintAar
> Task :capacitor-community-speech-recognition:stripReleaseDebugSymbols NO-SOURCE
> Task :capacitor-community-speech-recognition:copyReleaseJniLibsProjectAndLocalJars
> Task :capacitor-community-speech-recognition:extractDeepLinksForAarRelease
> Task :capacitor-community-speech-recognition:extractReleaseAnnotations
> Task :capacitor-community-speech-recognition:mergeReleaseGeneratedProguardFiles
> Task :capacitor-community-speech-recognition:mergeReleaseConsumerProguardFiles
> Task :capacitor-community-speech-recognition:mergeReleaseJavaResource
> Task :capacitor-community-text-to-speech:checkReleaseAarMetadata
> Task :capacitor-community-speech-recognition:syncReleaseLibJars
> Task :capacitor-community-speech-recognition:bundleReleaseLocalLintAar
> Task :capacitor-community-text-to-speech:stripReleaseDebugSymbols NO-SOURCE
> Task :capacitor-community-text-to-speech:copyReleaseJniLibsProjectAndLocalJars
> Task :capacitor-community-text-to-speech:extractDeepLinksForAarRelease
> Task :capacitor-community-text-to-speech:extractReleaseAnnotations
> Task :capacitor-community-text-to-speech:mergeReleaseGeneratedProguardFiles
> Task :capacitor-community-text-to-speech:mergeReleaseConsumerProguardFiles
> Task :capacitor-community-text-to-speech:mergeReleaseJavaResource
> Task :capacitor-firebase-authentication:checkReleaseAarMetadata
> Task :capacitor-community-text-to-speech:syncReleaseLibJars
> Task :capacitor-community-text-to-speech:bundleReleaseLocalLintAar
> Task :capacitor-firebase-authentication:stripReleaseDebugSymbols NO-SOURCE
> Task :capacitor-firebase-authentication:copyReleaseJniLibsProjectAndLocalJars
> Task :capacitor-firebase-authentication:extractDeepLinksForAarRelease
> Task :capacitor-firebase-authentication:extractReleaseAnnotations
> Task :capacitor-firebase-authentication:mergeReleaseGeneratedProguardFiles
> Task :capacitor-firebase-authentication:mergeReleaseConsumerProguardFiles
> Task :capacitor-firebase-authentication:mergeReleaseJavaResource
> Task :capacitor-app:checkReleaseAarMetadata
> Task :capacitor-firebase-authentication:syncReleaseLibJars
> Task :capacitor-firebase-authentication:bundleReleaseLocalLintAar
> Task :capacitor-app:stripReleaseDebugSymbols NO-SOURCE
> Task :capacitor-app:copyReleaseJniLibsProjectAndLocalJars
> Task :capacitor-app:extractDeepLinksForAarRelease
> Task :capacitor-app:extractReleaseAnnotations
> Task :capacitor-app:mergeReleaseGeneratedProguardFiles
> Task :capacitor-app:mergeReleaseConsumerProguardFiles
> Task :capacitor-app:mergeReleaseJavaResource
> Task :capacitor-filesystem:checkReleaseAarMetadata
> Task :capacitor-app:syncReleaseLibJars
> Task :capacitor-app:bundleReleaseLocalLintAar
> Task :capacitor-filesystem:stripReleaseDebugSymbols NO-SOURCE
> Task :capacitor-filesystem:copyReleaseJniLibsProjectAndLocalJars
> Task :capacitor-filesystem:extractDeepLinksForAarRelease
> Task :capacitor-filesystem:extractReleaseAnnotations
> Task :capacitor-filesystem:mergeReleaseGeneratedProguardFiles
> Task :capacitor-filesystem:mergeReleaseConsumerProguardFiles
> Task :capacitor-filesystem:mergeReleaseJavaResource
> Task :capacitor-local-notifications:stripReleaseDebugSymbols NO-SOURCE
> Task :capacitor-local-notifications:checkReleaseAarMetadata
> Task :capacitor-filesystem:syncReleaseLibJars
> Task :capacitor-filesystem:bundleReleaseLocalLintAar
> Task :capacitor-local-notifications:copyReleaseJniLibsProjectAndLocalJars
> Task :capacitor-local-notifications:extractDeepLinksForAarRelease
> Task :capacitor-local-notifications:extractReleaseAnnotations
> Task :capacitor-local-notifications:mergeReleaseGeneratedProguardFiles
> Task :capacitor-local-notifications:mergeReleaseConsumerProguardFiles
> Task :capacitor-local-notifications:mergeReleaseJavaResource
> Task :revenuecat-purchases-capacitor:checkReleaseAarMetadata
> Task :capacitor-local-notifications:syncReleaseLibJars
> Task :capacitor-local-notifications:bundleReleaseLocalLintAar
> Task :revenuecat-purchases-capacitor:stripReleaseDebugSymbols NO-SOURCE
> Task :revenuecat-purchases-capacitor:copyReleaseJniLibsProjectAndLocalJars
> Task :revenuecat-purchases-capacitor:extractDeepLinksForAarRelease
> Task :revenuecat-purchases-capacitor:extractReleaseAnnotations
> Task :revenuecat-purchases-capacitor:mergeReleaseGeneratedProguardFiles
> Task :revenuecat-purchases-capacitor:mergeReleaseConsumerProguardFiles
> Task :revenuecat-purchases-capacitor:mergeReleaseJavaResource
> Task :capacitor-android:checkReleaseAarMetadata
> Task :revenuecat-purchases-capacitor:syncReleaseLibJars
> Task :revenuecat-purchases-capacitor:bundleReleaseLocalLintAar
> Task :capacitor-android:stripReleaseDebugSymbols NO-SOURCE
> Task :capacitor-android:copyReleaseJniLibsProjectAndLocalJars
> Task :capacitor-android:extractDeepLinksForAarRelease
> Task :capacitor-android:extractReleaseAnnotations
> Task :capacitor-android:mergeReleaseGeneratedProguardFiles
> Task :capacitor-android:mergeReleaseConsumerProguardFiles
> Task :capacitor-android:mergeReleaseJavaResource
> Task :capacitor-cordova-android-plugins:checkReleaseAarMetadata
> Task :capacitor-android:syncReleaseLibJars
> Task :capacitor-android:bundleReleaseLocalLintAar
> Task :capacitor-cordova-android-plugins:stripReleaseDebugSymbols NO-SOURCE
> Task :capacitor-cordova-android-plugins:copyReleaseJniLibsProjectAndLocalJars
> Task :capacitor-cordova-android-plugins:extractDeepLinksForAarRelease
> Task :capacitor-cordova-android-plugins:extractReleaseAnnotations
> Task :capacitor-cordova-android-plugins:mergeReleaseGeneratedProguardFiles
> Task :capacitor-cordova-android-plugins:mergeReleaseConsumerProguardFiles
> Task :capacitor-cordova-android-plugins:mergeReleaseJavaResource
> Task :app:mergeDexRelease
> Task :app:buildReleasePreBundle
> Task :capacitor-cordova-android-plugins:syncReleaseLibJars
> Task :capacitor-cordova-android-plugins:bundleReleaseLocalLintAar
> Task :capacitor-android:writeReleaseLintModelMetadata
> Task :capacitor-app:writeReleaseLintModelMetadata
> Task :capacitor-community-admob:writeReleaseLintModelMetadata
> Task :capacitor-community-in-app-review:writeReleaseLintModelMetadata
> Task :capacitor-community-keep-awake:writeReleaseLintModelMetadata
> Task :capacitor-community-speech-recognition:writeReleaseLintModelMetadata
> Task :capacitor-community-text-to-speech:writeReleaseLintModelMetadata
> Task :capacitor-cordova-android-plugins:writeReleaseLintModelMetadata
> Task :capacitor-filesystem:writeReleaseLintModelMetadata
> Task :capacitor-firebase-authentication:writeReleaseLintModelMetadata
> Task :capacitor-local-notifications:writeReleaseLintModelMetadata
> Task :revenuecat-purchases-capacitor:writeReleaseLintModelMetadata
> Task :capacitor-android:generateReleaseLintVitalModel
> Task :capacitor-app:generateReleaseLintVitalModel
> Task :capacitor-community-admob:generateReleaseLintVitalModel
> Task :capacitor-community-in-app-review:generateReleaseLintVitalModel
> Task :capacitor-community-keep-awake:generateReleaseLintVitalModel
> Task :capacitor-community-speech-recognition:generateReleaseLintVitalModel
> Task :capacitor-community-text-to-speech:generateReleaseLintVitalModel
> Task :capacitor-cordova-android-plugins:generateReleaseLintVitalModel
> Task :capacitor-filesystem:generateReleaseLintVitalModel
> Task :capacitor-firebase-authentication:generateReleaseLintVitalModel
> Task :capacitor-local-notifications:generateReleaseLintVitalModel
> Task :revenuecat-purchases-capacitor:generateReleaseLintVitalModel
> Task :app:validateSigningRelease
> Task :app:compileReleaseArtProfile
> Task :app:parseReleaseIntegrityConfig
> Task :capacitor-app:lintVitalAnalyzeRelease
> Task :capacitor-android:lintVitalAnalyzeRelease
> Task :capacitor-community-in-app-review:lintVitalAnalyzeRelease
> Task :capacitor-community-keep-awake:lintVitalAnalyzeRelease
> Task :capacitor-community-speech-recognition:lintVitalAnalyzeRelease
> Task :capacitor-community-admob:lintVitalAnalyzeRelease
> Task :capacitor-community-text-to-speech:lintVitalAnalyzeRelease
> Task :capacitor-cordova-android-plugins:lintVitalAnalyzeRelease
> Task :capacitor-filesystem:lintVitalAnalyzeRelease
> Task :capacitor-firebase-authentication:lintVitalAnalyzeRelease
> Task :capacitor-local-notifications:lintVitalAnalyzeRelease
> Task :revenuecat-purchases-capacitor:lintVitalAnalyzeRelease
> Task :app:lintVitalAnalyzeRelease
> Task :app:lintVitalReportRelease
> Task :app:lintVitalRelease
> Task :app:packageReleaseBundle
> Task :app:signReleaseBundle
> Task :app:produceReleaseBundleIdeListingFile
> Task :app:createReleaseBundleListingFileRedirect
> Task :app:bundleRelease

[Incubating] Problems report is available at: file:///D:/antigravity/stepupvoca/android/build/reports/problems/problems-report.html

Deprecated Gradle features were used in this build, making it incompatible with Gradle 10.

You can use '--warning-mode all' to show the individual deprecation warnings and determine if they come from your own scripts or plugins.

For more on this, please refer to https://docs.gradle.org/9.2.1/userguide/command_line_interface.html#sec:command_line_warnings in the Gradle documentation.

BUILD SUCCESSFUL in 38s
470 actionable tasks: 213 executed, 257 up-to-date
Consider enabling configuration cache to speed up this build: https://docs.gradle.org/9.2.1/userguide/configuration_cache_enabling.html
