
> Configure project :app
WARNING: The option setting 'android.usesSdkInManifest.disallowed=false' is deprecated.
The current default is 'true'.
It will be removed in version 10.0 of the Android Gradle plugin.
WARNING: The option setting 'android.sdk.defaultTargetSdkToCompileSdkIfUnset=false' is deprecated.
The current default is 'true'.
It will be removed in version 10.0 of the Android Gradle plugin.
WARNING: The option setting 'android.enableAppCompileTimeRClass=false' is deprecated.
The current default is 'true'.
It will be removed in version 10.0 of the Android Gradle plugin.
WARNING: The option setting 'android.builtInKotlin=false' is deprecated.
The current default is 'true'.
It will be removed in version 10.0 of the Android Gradle plugin.
WARNING: The option setting 'android.newDsl=false' is deprecated.
The current default is 'true'.
It will be removed in version 10.0 of the Android Gradle plugin.
WARNING: The option setting 'android.r8.optimizedResourceShrinking=false' is deprecated.
The current default is 'true'.
It will be removed in version 10.0 of the Android Gradle plugin.
WARNING: The option setting 'android.defaults.buildfeatures.resvalues=true' is deprecated.
The current default is 'false'.
It will be removed in version 10.0 of the Android Gradle plugin.
WARNING: Using flatDir should be avoided because it doesn't support any meta-data formats.
WARNING: The property android.dependency.excludeLibraryComponentsFromConstraints improves project import performance for very large projects. It should be enabled to improve performance.
To suppress this warning, add android.generateSyncIssueWhenLibraryConstraintsAreEnabled=false to gradle.properties
WARNING: The property android.dependency.excludeLibraryComponentsFromConstraints improves project import performance for very large projects. It should be enabled to improve performance.
To suppress this warning, add android.generateSyncIssueWhenLibraryConstraintsAreEnabled=false to gradle.properties
WARNING: The property android.dependency.excludeLibraryComponentsFromConstraints improves project import performance for very large projects. It should be enabled to improve performance.
To suppress this warning, add android.generateSyncIssueWhenLibraryConstraintsAreEnabled=false to gradle.properties
WARNING: The property android.dependency.excludeLibraryComponentsFromConstraints improves project import performance for very large projects. It should be enabled to improve performance.
To suppress this warning, add android.generateSyncIssueWhenLibraryConstraintsAreEnabled=false to gradle.properties

> Configure project :capacitor-android
WARNING: The property android.dependency.excludeLibraryComponentsFromConstraints improves project import performance for very large projects. It should be enabled to improve performance.
To suppress this warning, add android.generateSyncIssueWhenLibraryConstraintsAreEnabled=false to gradle.properties
WARNING: The property android.dependency.excludeLibraryComponentsFromConstraints improves project import performance for very large projects. It should be enabled to improve performance.
To suppress this warning, add android.generateSyncIssueWhenLibraryConstraintsAreEnabled=false to gradle.properties
WARNING: The property android.dependency.excludeLibraryComponentsFromConstraints improves project import performance for very large projects. It should be enabled to improve performance.
To suppress this warning, add android.generateSyncIssueWhenLibraryConstraintsAreEnabled=false to gradle.properties
WARNING: The property android.dependency.excludeLibraryComponentsFromConstraints improves project import performance for very large projects. It should be enabled to improve performance.
To suppress this warning, add android.generateSyncIssueWhenLibraryConstraintsAreEnabled=false to gradle.properties

> Configure project :capacitor-app
WARNING: The property android.dependency.excludeLibraryComponentsFromConstraints improves project import performance for very large projects. It should be enabled to improve performance.
To suppress this warning, add android.generateSyncIssueWhenLibraryConstraintsAreEnabled=false to gradle.properties
WARNING: The property android.dependency.excludeLibraryComponentsFromConstraints improves project import performance for very large projects. It should be enabled to improve performance.
To suppress this warning, add android.generateSyncIssueWhenLibraryConstraintsAreEnabled=false to gradle.properties
WARNING: The property android.dependency.excludeLibraryComponentsFromConstraints improves project import performance for very large projects. It should be enabled to improve performance.
To suppress this warning, add android.generateSyncIssueWhenLibraryConstraintsAreEnabled=false to gradle.properties
WARNING: The property android.dependency.excludeLibraryComponentsFromConstraints improves project import performance for very large projects. It should be enabled to improve performance.
To suppress this warning, add android.generateSyncIssueWhenLibraryConstraintsAreEnabled=false to gradle.properties

> Configure project :capacitor-community-admob
WARNING: The property android.dependency.excludeLibraryComponentsFromConstraints improves project import performance for very large projects. It should be enabled to improve performance.
To suppress this warning, add android.generateSyncIssueWhenLibraryConstraintsAreEnabled=false to gradle.properties
WARNING: The property android.dependency.excludeLibraryComponentsFromConstraints improves project import performance for very large projects. It should be enabled to improve performance.
To suppress this warning, add android.generateSyncIssueWhenLibraryConstraintsAreEnabled=false to gradle.properties
WARNING: The property android.dependency.excludeLibraryComponentsFromConstraints improves project import performance for very large projects. It should be enabled to improve performance.
To suppress this warning, add android.generateSyncIssueWhenLibraryConstraintsAreEnabled=false to gradle.properties
WARNING: The property android.dependency.excludeLibraryComponentsFromConstraints improves project import performance for very large projects. It should be enabled to improve performance.
To suppress this warning, add android.generateSyncIssueWhenLibraryConstraintsAreEnabled=false to gradle.properties

> Configure project :capacitor-community-in-app-review
WARNING: The property android.dependency.excludeLibraryComponentsFromConstraints improves project import performance for very large projects. It should be enabled to improve performance.
To suppress this warning, add android.generateSyncIssueWhenLibraryConstraintsAreEnabled=false to gradle.properties
WARNING: The property android.dependency.excludeLibraryComponentsFromConstraints improves project import performance for very large projects. It should be enabled to improve performance.
To suppress this warning, add android.generateSyncIssueWhenLibraryConstraintsAreEnabled=false to gradle.properties
WARNING: The property android.dependency.excludeLibraryComponentsFromConstraints improves project import performance for very large projects. It should be enabled to improve performance.
To suppress this warning, add android.generateSyncIssueWhenLibraryConstraintsAreEnabled=false to gradle.properties
WARNING: The property android.dependency.excludeLibraryComponentsFromConstraints improves project import performance for very large projects. It should be enabled to improve performance.
To suppress this warning, add android.generateSyncIssueWhenLibraryConstraintsAreEnabled=false to gradle.properties

> Configure project :capacitor-community-keep-awake
WARNING: The property android.dependency.excludeLibraryComponentsFromConstraints improves project import performance for very large projects. It should be enabled to improve performance.
To suppress this warning, add android.generateSyncIssueWhenLibraryConstraintsAreEnabled=false to gradle.properties
WARNING: The property android.dependency.excludeLibraryComponentsFromConstraints improves project import performance for very large projects. It should be enabled to improve performance.
To suppress this warning, add android.generateSyncIssueWhenLibraryConstraintsAreEnabled=false to gradle.properties
WARNING: The property android.dependency.excludeLibraryComponentsFromConstraints improves project import performance for very large projects. It should be enabled to improve performance.
To suppress this warning, add android.generateSyncIssueWhenLibraryConstraintsAreEnabled=false to gradle.properties
WARNING: The property android.dependency.excludeLibraryComponentsFromConstraints improves project import performance for very large projects. It should be enabled to improve performance.
To suppress this warning, add android.generateSyncIssueWhenLibraryConstraintsAreEnabled=false to gradle.properties

> Configure project :capacitor-community-speech-recognition
WARNING: The property android.dependency.excludeLibraryComponentsFromConstraints improves project import performance for very large projects. It should be enabled to improve performance.
To suppress this warning, add android.generateSyncIssueWhenLibraryConstraintsAreEnabled=false to gradle.properties
WARNING: The property android.dependency.excludeLibraryComponentsFromConstraints improves project import performance for very large projects. It should be enabled to improve performance.
To suppress this warning, add android.generateSyncIssueWhenLibraryConstraintsAreEnabled=false to gradle.properties
WARNING: The property android.dependency.excludeLibraryComponentsFromConstraints improves project import performance for very large projects. It should be enabled to improve performance.
To suppress this warning, add android.generateSyncIssueWhenLibraryConstraintsAreEnabled=false to gradle.properties
WARNING: The property android.dependency.excludeLibraryComponentsFromConstraints improves project import performance for very large projects. It should be enabled to improve performance.
To suppress this warning, add android.generateSyncIssueWhenLibraryConstraintsAreEnabled=false to gradle.properties

> Configure project :capacitor-community-text-to-speech
WARNING: The property android.dependency.excludeLibraryComponentsFromConstraints improves project import performance for very large projects. It should be enabled to improve performance.
To suppress this warning, add android.generateSyncIssueWhenLibraryConstraintsAreEnabled=false to gradle.properties
WARNING: The property android.dependency.excludeLibraryComponentsFromConstraints improves project import performance for very large projects. It should be enabled to improve performance.
To suppress this warning, add android.generateSyncIssueWhenLibraryConstraintsAreEnabled=false to gradle.properties
WARNING: The property android.dependency.excludeLibraryComponentsFromConstraints improves project import performance for very large projects. It should be enabled to improve performance.
To suppress this warning, add android.generateSyncIssueWhenLibraryConstraintsAreEnabled=false to gradle.properties
WARNING: The property android.dependency.excludeLibraryComponentsFromConstraints improves project import performance for very large projects. It should be enabled to improve performance.
To suppress this warning, add android.generateSyncIssueWhenLibraryConstraintsAreEnabled=false to gradle.properties

> Configure project :capacitor-cordova-android-plugins
WARNING: Using flatDir should be avoided because it doesn't support any meta-data formats.
WARNING: The property android.dependency.excludeLibraryComponentsFromConstraints improves project import performance for very large projects. It should be enabled to improve performance.
To suppress this warning, add android.generateSyncIssueWhenLibraryConstraintsAreEnabled=false to gradle.properties
WARNING: The property android.dependency.excludeLibraryComponentsFromConstraints improves project import performance for very large projects. It should be enabled to improve performance.
To suppress this warning, add android.generateSyncIssueWhenLibraryConstraintsAreEnabled=false to gradle.properties
WARNING: The property android.dependency.excludeLibraryComponentsFromConstraints improves project import performance for very large projects. It should be enabled to improve performance.
To suppress this warning, add android.generateSyncIssueWhenLibraryConstraintsAreEnabled=false to gradle.properties
WARNING: The property android.dependency.excludeLibraryComponentsFromConstraints improves project import performance for very large projects. It should be enabled to improve performance.
To suppress this warning, add android.generateSyncIssueWhenLibraryConstraintsAreEnabled=false to gradle.properties

> Configure project :capacitor-filesystem
WARNING: The property android.dependency.excludeLibraryComponentsFromConstraints improves project import performance for very large projects. It should be enabled to improve performance.
To suppress this warning, add android.generateSyncIssueWhenLibraryConstraintsAreEnabled=false to gradle.properties
WARNING: The property android.dependency.excludeLibraryComponentsFromConstraints improves project import performance for very large projects. It should be enabled to improve performance.
To suppress this warning, add android.generateSyncIssueWhenLibraryConstraintsAreEnabled=false to gradle.properties
WARNING: The property android.dependency.excludeLibraryComponentsFromConstraints improves project import performance for very large projects. It should be enabled to improve performance.
To suppress this warning, add android.generateSyncIssueWhenLibraryConstraintsAreEnabled=false to gradle.properties
WARNING: The property android.dependency.excludeLibraryComponentsFromConstraints improves project import performance for very large projects. It should be enabled to improve performance.
To suppress this warning, add android.generateSyncIssueWhenLibraryConstraintsAreEnabled=false to gradle.properties

> Configure project :capacitor-firebase-authentication
WARNING: The property android.dependency.excludeLibraryComponentsFromConstraints improves project import performance for very large projects. It should be enabled to improve performance.
To suppress this warning, add android.generateSyncIssueWhenLibraryConstraintsAreEnabled=false to gradle.properties
WARNING: The property android.dependency.excludeLibraryComponentsFromConstraints improves project import performance for very large projects. It should be enabled to improve performance.
To suppress this warning, add android.generateSyncIssueWhenLibraryConstraintsAreEnabled=false to gradle.properties
WARNING: The property android.dependency.excludeLibraryComponentsFromConstraints improves project import performance for very large projects. It should be enabled to improve performance.
To suppress this warning, add android.generateSyncIssueWhenLibraryConstraintsAreEnabled=false to gradle.properties
WARNING: The property android.dependency.excludeLibraryComponentsFromConstraints improves project import performance for very large projects. It should be enabled to improve performance.
To suppress this warning, add android.generateSyncIssueWhenLibraryConstraintsAreEnabled=false to gradle.properties

> Configure project :capacitor-local-notifications
WARNING: The property android.dependency.excludeLibraryComponentsFromConstraints improves project import performance for very large projects. It should be enabled to improve performance.
To suppress this warning, add android.generateSyncIssueWhenLibraryConstraintsAreEnabled=false to gradle.properties
WARNING: The property android.dependency.excludeLibraryComponentsFromConstraints improves project import performance for very large projects. It should be enabled to improve performance.
To suppress this warning, add android.generateSyncIssueWhenLibraryConstraintsAreEnabled=false to gradle.properties
WARNING: The property android.dependency.excludeLibraryComponentsFromConstraints improves project import performance for very large projects. It should be enabled to improve performance.
To suppress this warning, add android.generateSyncIssueWhenLibraryConstraintsAreEnabled=false to gradle.properties
WARNING: The property android.dependency.excludeLibraryComponentsFromConstraints improves project import performance for very large projects. It should be enabled to improve performance.
To suppress this warning, add android.generateSyncIssueWhenLibraryConstraintsAreEnabled=false to gradle.properties

> Configure project :revenuecat-purchases-capacitor
WARNING: The property android.dependency.excludeLibraryComponentsFromConstraints improves project import performance for very large projects. It should be enabled to improve performance.
To suppress this warning, add android.generateSyncIssueWhenLibraryConstraintsAreEnabled=false to gradle.properties
WARNING: The property android.dependency.excludeLibraryComponentsFromConstraints improves project import performance for very large projects. It should be enabled to improve performance.
To suppress this warning, add android.generateSyncIssueWhenLibraryConstraintsAreEnabled=false to gradle.properties
WARNING: The property android.dependency.excludeLibraryComponentsFromConstraints improves project import performance for very large projects. It should be enabled to improve performance.
To suppress this warning, add android.generateSyncIssueWhenLibraryConstraintsAreEnabled=false to gradle.properties
WARNING: The property android.dependency.excludeLibraryComponentsFromConstraints improves project import performance for very large projects. It should be enabled to improve performance.
To suppress this warning, add android.generateSyncIssueWhenLibraryConstraintsAreEnabled=false to gradle.properties

> Task :app:preBuild UP-TO-DATE
> Task :app:preReleaseBuild UP-TO-DATE
> Task :capacitor-android:preBuild UP-TO-DATE
> Task :capacitor-android:preReleaseBuild UP-TO-DATE
> Task :capacitor-android:processReleaseNavigationResources UP-TO-DATE
> Task :capacitor-app:preBuild UP-TO-DATE
> Task :capacitor-app:preReleaseBuild UP-TO-DATE
> Task :capacitor-app:processReleaseNavigationResources UP-TO-DATE
> Task :capacitor-community-admob:preBuild UP-TO-DATE
> Task :capacitor-community-admob:preReleaseBuild UP-TO-DATE
> Task :capacitor-community-admob:processReleaseNavigationResources UP-TO-DATE
> Task :capacitor-community-in-app-review:preBuild UP-TO-DATE
> Task :capacitor-community-in-app-review:preReleaseBuild UP-TO-DATE
> Task :capacitor-community-in-app-review:processReleaseNavigationResources UP-TO-DATE
> Task :capacitor-community-keep-awake:preBuild UP-TO-DATE
> Task :capacitor-community-keep-awake:preReleaseBuild UP-TO-DATE
> Task :capacitor-community-keep-awake:processReleaseNavigationResources UP-TO-DATE
> Task :capacitor-community-speech-recognition:preBuild UP-TO-DATE
> Task :capacitor-community-speech-recognition:preReleaseBuild UP-TO-DATE
> Task :capacitor-community-speech-recognition:processReleaseNavigationResources UP-TO-DATE
> Task :capacitor-community-text-to-speech:preBuild UP-TO-DATE
> Task :capacitor-community-text-to-speech:preReleaseBuild UP-TO-DATE
> Task :capacitor-community-text-to-speech:processReleaseNavigationResources UP-TO-DATE
> Task :capacitor-cordova-android-plugins:preBuild UP-TO-DATE
> Task :capacitor-cordova-android-plugins:preReleaseBuild UP-TO-DATE
> Task :capacitor-cordova-android-plugins:processReleaseNavigationResources UP-TO-DATE
> Task :capacitor-filesystem:preBuild UP-TO-DATE
> Task :capacitor-filesystem:preReleaseBuild UP-TO-DATE
> Task :capacitor-filesystem:processReleaseNavigationResources UP-TO-DATE
> Task :capacitor-firebase-authentication:preBuild UP-TO-DATE
> Task :capacitor-firebase-authentication:preReleaseBuild UP-TO-DATE
> Task :capacitor-firebase-authentication:processReleaseNavigationResources UP-TO-DATE
> Task :capacitor-local-notifications:preBuild UP-TO-DATE
> Task :capacitor-local-notifications:preReleaseBuild UP-TO-DATE
> Task :capacitor-local-notifications:processReleaseNavigationResources UP-TO-DATE
> Task :revenuecat-purchases-capacitor:preBuild UP-TO-DATE
> Task :revenuecat-purchases-capacitor:preReleaseBuild UP-TO-DATE
> Task :revenuecat-purchases-capacitor:processReleaseNavigationResources UP-TO-DATE
> Task :app:processReleaseNavigationResources UP-TO-DATE
> Task :app:compileReleaseNavigationResources UP-TO-DATE
> Task :app:generateReleaseResValues UP-TO-DATE
> Task :capacitor-android:generateReleaseResValues UP-TO-DATE
> Task :capacitor-android:generateReleaseResources UP-TO-DATE
> Task :capacitor-android:packageReleaseResources UP-TO-DATE
> Task :capacitor-app:generateReleaseResValues UP-TO-DATE
> Task :capacitor-app:generateReleaseResources UP-TO-DATE
> Task :capacitor-app:packageReleaseResources UP-TO-DATE
> Task :capacitor-community-admob:generateReleaseResValues UP-TO-DATE
> Task :capacitor-community-admob:generateReleaseResources UP-TO-DATE
> Task :capacitor-community-admob:packageReleaseResources UP-TO-DATE
> Task :capacitor-community-in-app-review:generateReleaseResValues UP-TO-DATE
> Task :capacitor-community-in-app-review:generateReleaseResources UP-TO-DATE
> Task :capacitor-community-in-app-review:packageReleaseResources UP-TO-DATE
> Task :capacitor-community-keep-awake:generateReleaseResValues UP-TO-DATE
> Task :capacitor-community-keep-awake:generateReleaseResources UP-TO-DATE
> Task :capacitor-community-keep-awake:packageReleaseResources UP-TO-DATE
> Task :capacitor-community-speech-recognition:generateReleaseResValues UP-TO-DATE
> Task :capacitor-community-speech-recognition:generateReleaseResources UP-TO-DATE
> Task :capacitor-community-speech-recognition:packageReleaseResources UP-TO-DATE
> Task :capacitor-community-text-to-speech:generateReleaseResValues UP-TO-DATE
> Task :capacitor-community-text-to-speech:generateReleaseResources UP-TO-DATE
> Task :capacitor-community-text-to-speech:packageReleaseResources UP-TO-DATE
> Task :capacitor-cordova-android-plugins:generateReleaseResValues UP-TO-DATE
> Task :capacitor-cordova-android-plugins:generateReleaseResources UP-TO-DATE
> Task :capacitor-cordova-android-plugins:packageReleaseResources UP-TO-DATE
> Task :capacitor-filesystem:generateReleaseResValues UP-TO-DATE
> Task :capacitor-filesystem:generateReleaseResources UP-TO-DATE
> Task :capacitor-filesystem:packageReleaseResources UP-TO-DATE
> Task :capacitor-firebase-authentication:generateReleaseResValues UP-TO-DATE
> Task :capacitor-firebase-authentication:generateReleaseResources UP-TO-DATE
> Task :capacitor-firebase-authentication:packageReleaseResources UP-TO-DATE
> Task :capacitor-local-notifications:generateReleaseResValues UP-TO-DATE
> Task :capacitor-local-notifications:generateReleaseResources UP-TO-DATE
> Task :capacitor-local-notifications:packageReleaseResources UP-TO-DATE
> Task :revenuecat-purchases-capacitor:generateReleaseResValues UP-TO-DATE
> Task :revenuecat-purchases-capacitor:generateReleaseResources UP-TO-DATE
> Task :revenuecat-purchases-capacitor:packageReleaseResources UP-TO-DATE
> Task :app:mapReleaseSourceSetPaths UP-TO-DATE
> Task :app:generateReleaseResources UP-TO-DATE
> Task :app:mergeReleaseResources UP-TO-DATE
> Task :app:createReleaseCompatibleScreenManifests UP-TO-DATE
> Task :app:extractDeepLinksRelease UP-TO-DATE
> Task :capacitor-android:extractDeepLinksRelease UP-TO-DATE
> Task :capacitor-android:processReleaseManifest UP-TO-DATE
> Task :capacitor-app:extractDeepLinksRelease UP-TO-DATE
> Task :capacitor-app:processReleaseManifest UP-TO-DATE
> Task :capacitor-community-admob:extractDeepLinksRelease UP-TO-DATE
> Task :capacitor-community-admob:processReleaseManifest UP-TO-DATE
> Task :capacitor-community-in-app-review:extractDeepLinksRelease UP-TO-DATE
> Task :capacitor-community-in-app-review:processReleaseManifest UP-TO-DATE
> Task :capacitor-community-keep-awake:extractDeepLinksRelease UP-TO-DATE
> Task :capacitor-community-keep-awake:processReleaseManifest UP-TO-DATE
> Task :capacitor-community-speech-recognition:extractDeepLinksRelease UP-TO-DATE
> Task :capacitor-community-speech-recognition:processReleaseManifest UP-TO-DATE
> Task :capacitor-community-text-to-speech:extractDeepLinksRelease UP-TO-DATE
> Task :capacitor-community-text-to-speech:processReleaseManifest UP-TO-DATE
> Task :capacitor-cordova-android-plugins:extractDeepLinksRelease UP-TO-DATE
> Task :capacitor-cordova-android-plugins:processReleaseManifest UP-TO-DATE
> Task :capacitor-filesystem:extractDeepLinksRelease UP-TO-DATE
> Task :capacitor-filesystem:processReleaseManifest UP-TO-DATE
> Task :capacitor-firebase-authentication:extractDeepLinksRelease UP-TO-DATE
> Task :capacitor-firebase-authentication:processReleaseManifest UP-TO-DATE
> Task :capacitor-local-notifications:extractDeepLinksRelease UP-TO-DATE
> Task :capacitor-local-notifications:processReleaseManifest UP-TO-DATE
> Task :revenuecat-purchases-capacitor:extractDeepLinksRelease UP-TO-DATE
> Task :revenuecat-purchases-capacitor:processReleaseManifest UP-TO-DATE
> Task :app:processReleaseMainManifest UP-TO-DATE
> Task :app:processReleaseManifest UP-TO-DATE
> Task :app:processApplicationManifestReleaseForBundle UP-TO-DATE
> Task :capacitor-android:writeReleaseAarMetadata UP-TO-DATE
> Task :capacitor-app:writeReleaseAarMetadata UP-TO-DATE
> Task :capacitor-community-admob:writeReleaseAarMetadata UP-TO-DATE
> Task :capacitor-community-in-app-review:writeReleaseAarMetadata UP-TO-DATE
> Task :capacitor-community-keep-awake:writeReleaseAarMetadata UP-TO-DATE
> Task :capacitor-community-speech-recognition:writeReleaseAarMetadata UP-TO-DATE
> Task :capacitor-community-text-to-speech:writeReleaseAarMetadata UP-TO-DATE
> Task :capacitor-cordova-android-plugins:writeReleaseAarMetadata UP-TO-DATE
> Task :capacitor-filesystem:writeReleaseAarMetadata UP-TO-DATE
> Task :capacitor-firebase-authentication:writeReleaseAarMetadata UP-TO-DATE
> Task :capacitor-local-notifications:writeReleaseAarMetadata UP-TO-DATE
> Task :revenuecat-purchases-capacitor:writeReleaseAarMetadata UP-TO-DATE
> Task :app:checkReleaseAarMetadata UP-TO-DATE
> Task :app:packageReleaseResources UP-TO-DATE
> Task :app:parseReleaseLocalResources UP-TO-DATE
> Task :app:processReleaseManifestForPackage UP-TO-DATE
> Task :capacitor-android:compileReleaseLibraryResources UP-TO-DATE
> Task :capacitor-android:parseReleaseLocalResources UP-TO-DATE
> Task :capacitor-android:generateReleaseRFile UP-TO-DATE
> Task :capacitor-app:compileReleaseLibraryResources UP-TO-DATE
> Task :capacitor-app:parseReleaseLocalResources UP-TO-DATE
> Task :capacitor-app:generateReleaseRFile UP-TO-DATE
> Task :capacitor-community-admob:compileReleaseLibraryResources UP-TO-DATE
> Task :capacitor-community-admob:parseReleaseLocalResources UP-TO-DATE
> Task :capacitor-community-admob:generateReleaseRFile UP-TO-DATE
> Task :capacitor-community-in-app-review:compileReleaseLibraryResources UP-TO-DATE
> Task :capacitor-community-in-app-review:parseReleaseLocalResources UP-TO-DATE
> Task :capacitor-community-in-app-review:generateReleaseRFile UP-TO-DATE
> Task :capacitor-community-keep-awake:compileReleaseLibraryResources UP-TO-DATE
> Task :capacitor-community-keep-awake:parseReleaseLocalResources UP-TO-DATE
> Task :capacitor-community-keep-awake:generateReleaseRFile UP-TO-DATE
> Task :capacitor-community-speech-recognition:compileReleaseLibraryResources UP-TO-DATE
> Task :capacitor-community-speech-recognition:parseReleaseLocalResources UP-TO-DATE
> Task :capacitor-community-speech-recognition:generateReleaseRFile UP-TO-DATE
> Task :capacitor-community-text-to-speech:compileReleaseLibraryResources UP-TO-DATE
> Task :capacitor-community-text-to-speech:parseReleaseLocalResources UP-TO-DATE
> Task :capacitor-community-text-to-speech:generateReleaseRFile UP-TO-DATE
> Task :capacitor-cordova-android-plugins:compileReleaseLibraryResources UP-TO-DATE
> Task :capacitor-cordova-android-plugins:parseReleaseLocalResources UP-TO-DATE
> Task :capacitor-cordova-android-plugins:generateReleaseRFile UP-TO-DATE
> Task :capacitor-filesystem:compileReleaseLibraryResources UP-TO-DATE
> Task :capacitor-filesystem:parseReleaseLocalResources UP-TO-DATE
> Task :capacitor-filesystem:generateReleaseRFile UP-TO-DATE
> Task :capacitor-firebase-authentication:compileReleaseLibraryResources UP-TO-DATE
> Task :capacitor-firebase-authentication:parseReleaseLocalResources UP-TO-DATE
> Task :capacitor-firebase-authentication:generateReleaseRFile UP-TO-DATE
> Task :capacitor-local-notifications:compileReleaseLibraryResources UP-TO-DATE
> Task :capacitor-local-notifications:parseReleaseLocalResources UP-TO-DATE
> Task :capacitor-local-notifications:generateReleaseRFile UP-TO-DATE
> Task :revenuecat-purchases-capacitor:compileReleaseLibraryResources UP-TO-DATE
> Task :revenuecat-purchases-capacitor:parseReleaseLocalResources UP-TO-DATE
> Task :revenuecat-purchases-capacitor:generateReleaseRFile UP-TO-DATE
> Task :app:processReleaseResources UP-TO-DATE
> Task :app:bundleReleaseResources UP-TO-DATE
> Task :app:extractReleaseVersionControlInfo UP-TO-DATE
> Task :capacitor-android:javaPreCompileRelease UP-TO-DATE
> Task :capacitor-android:compileReleaseJavaWithJavac UP-TO-DATE
> Task :capacitor-android:bundleLibCompileToJarRelease UP-TO-DATE
> Task :capacitor-community-admob:checkKotlinGradlePluginConfigurationErrors SKIPPED
> Task :capacitor-community-admob:compileReleaseKotlin UP-TO-DATE
> Task :capacitor-community-admob:javaPreCompileRelease UP-TO-DATE
> Task :capacitor-community-admob:compileReleaseJavaWithJavac UP-TO-DATE
> Task :capacitor-community-admob:bundleLibRuntimeToDirRelease UP-TO-DATE
> Task :capacitor-community-in-app-review:javaPreCompileRelease UP-TO-DATE
> Task :capacitor-community-in-app-review:compileReleaseJavaWithJavac UP-TO-DATE
> Task :capacitor-community-in-app-review:bundleLibRuntimeToDirRelease UP-TO-DATE
> Task :capacitor-community-keep-awake:javaPreCompileRelease UP-TO-DATE
> Task :capacitor-community-keep-awake:compileReleaseJavaWithJavac UP-TO-DATE
> Task :capacitor-community-keep-awake:bundleLibRuntimeToDirRelease UP-TO-DATE
> Task :capacitor-community-speech-recognition:javaPreCompileRelease UP-TO-DATE
> Task :capacitor-community-speech-recognition:compileReleaseJavaWithJavac UP-TO-DATE
> Task :capacitor-community-speech-recognition:bundleLibRuntimeToDirRelease UP-TO-DATE
> Task :capacitor-community-text-to-speech:javaPreCompileRelease UP-TO-DATE
> Task :capacitor-community-text-to-speech:compileReleaseJavaWithJavac UP-TO-DATE
> Task :capacitor-community-text-to-speech:bundleLibRuntimeToDirRelease UP-TO-DATE
> Task :capacitor-firebase-authentication:javaPreCompileRelease UP-TO-DATE
> Task :capacitor-firebase-authentication:compileReleaseJavaWithJavac UP-TO-DATE
> Task :capacitor-firebase-authentication:bundleLibRuntimeToDirRelease UP-TO-DATE
> Task :capacitor-app:javaPreCompileRelease UP-TO-DATE
> Task :capacitor-app:compileReleaseJavaWithJavac UP-TO-DATE
> Task :capacitor-app:bundleLibRuntimeToDirRelease UP-TO-DATE
> Task :capacitor-filesystem:checkKotlinGradlePluginConfigurationErrors SKIPPED
> Task :capacitor-filesystem:compileReleaseKotlin UP-TO-DATE
> Task :capacitor-filesystem:javaPreCompileRelease UP-TO-DATE
> Task :capacitor-filesystem:compileReleaseJavaWithJavac NO-SOURCE
> Task :capacitor-filesystem:bundleLibRuntimeToDirRelease UP-TO-DATE
> Task :capacitor-local-notifications:javaPreCompileRelease UP-TO-DATE
> Task :capacitor-local-notifications:compileReleaseJavaWithJavac UP-TO-DATE
> Task :capacitor-local-notifications:bundleLibRuntimeToDirRelease UP-TO-DATE
> Task :revenuecat-purchases-capacitor:checkKotlinGradlePluginConfigurationErrors SKIPPED
> Task :revenuecat-purchases-capacitor:compileReleaseKotlin UP-TO-DATE
> Task :revenuecat-purchases-capacitor:javaPreCompileRelease UP-TO-DATE
> Task :revenuecat-purchases-capacitor:compileReleaseJavaWithJavac NO-SOURCE
> Task :revenuecat-purchases-capacitor:bundleLibRuntimeToDirRelease UP-TO-DATE
> Task :capacitor-android:bundleLibRuntimeToDirRelease UP-TO-DATE
> Task :capacitor-cordova-android-plugins:javaPreCompileRelease UP-TO-DATE
> Task :capacitor-cordova-android-plugins:compileReleaseJavaWithJavac NO-SOURCE
> Task :capacitor-cordova-android-plugins:bundleLibRuntimeToDirRelease UP-TO-DATE
> Task :app:checkReleaseDuplicateClasses UP-TO-DATE
> Task :app:javaPreCompileRelease UP-TO-DATE
> Task :capacitor-app:bundleLibCompileToJarRelease UP-TO-DATE
> Task :capacitor-community-admob:bundleLibCompileToJarRelease UP-TO-DATE
> Task :capacitor-community-in-app-review:bundleLibCompileToJarRelease UP-TO-DATE
> Task :capacitor-community-keep-awake:bundleLibCompileToJarRelease UP-TO-DATE
> Task :capacitor-community-speech-recognition:bundleLibCompileToJarRelease UP-TO-DATE
> Task :capacitor-community-text-to-speech:bundleLibCompileToJarRelease UP-TO-DATE
> Task :capacitor-cordova-android-plugins:bundleLibCompileToJarRelease UP-TO-DATE
> Task :capacitor-filesystem:bundleLibCompileToJarRelease UP-TO-DATE
> Task :capacitor-firebase-authentication:bundleLibCompileToJarRelease UP-TO-DATE
> Task :capacitor-local-notifications:bundleLibCompileToJarRelease UP-TO-DATE
> Task :revenuecat-purchases-capacitor:bundleLibCompileToJarRelease UP-TO-DATE

> Task :app:compileReleaseJavaWithJavac FAILED
D:\antigravity\stepupvoca\android\app\src\main\java\com\stepup\vocaquest\MainActivity.java:9: error: package com.codetrixstudio.capacitor.GoogleAuth does not exist
import com.codetrixstudio.capacitor.GoogleAuth.GoogleAuth;
                                              ^
D:\antigravity\stepupvoca\android\app\src\main\java\com\stepup\vocaquest\MainActivity.java:16: error: package com.codetrixstudio.capacitor.GoogleAuth does not exist
        registerPlugin(com.codetrixstudio.capacitor.GoogleAuth.GoogleAuth.class);
                                                              ^
2 errors

[Incubating] Problems report is available at: file:///D:/antigravity/stepupvoca/android/build/reports/problems/problems-report.html

FAILURE: Build failed with an exception.

* What went wrong:
Execution failed for task ':app:compileReleaseJavaWithJavac'.
> Compilation failed; see the compiler output below.
  D:\antigravity\stepupvoca\android\app\src\main\java\com\stepup\vocaquest\MainActivity.java:9: error: package com.codetrixstudio.capacitor.GoogleAuth does not exist
  import com.codetrixstudio.capacitor.GoogleAuth.GoogleAuth;
                                                ^
  D:\antigravity\stepupvoca\android\app\src\main\java\com\stepup\vocaquest\MainActivity.java:16: error: package com.codetrixstudio.capacitor.GoogleAuth does not exist
          registerPlugin(com.codetrixstudio.capacitor.GoogleAuth.GoogleAuth.class);
                                                                ^
  2 errors

* Try:
> Check your code and dependencies to fix the compilation error(s)
> Run with --scan to generate a Build Scan (powered by Develocity).

Deprecated Gradle features were used in this build, making it incompatible with Gradle 10.

You can use '--warning-mode all' to show the individual deprecation warnings and determine if they come from your own scripts or plugins.

For more on this, please refer to https://docs.gradle.org/9.2.1/userguide/command_line_interface.html#sec:command_line_warnings in the Gradle documentation.

BUILD FAILED in 4s
189 actionable tasks: 1 executed, 188 up-to-date
