[debug] [2026-04-10T00:11:36.496Z] ----------------------------------------------------------------------
[debug] [2026-04-10T00:11:36.500Z] Command:       C:\Program Files\nodejs\node.exe C:\Users\idouh\AppData\Roaming\npm\node_modules\firebase-tools\lib\bin\firebase.js deploy --only hosting
[debug] [2026-04-10T00:11:36.500Z] CLI Version:   15.8.0
[debug] [2026-04-10T00:11:36.500Z] Platform:      win32
[debug] [2026-04-10T00:11:36.500Z] Node Version:  v24.14.0
[debug] [2026-04-10T00:11:36.500Z] Time:          Fri Apr 10 2026 07:11:36 GMT+0700 (인도차이나 시간)
[debug] [2026-04-10T00:11:36.501Z] ----------------------------------------------------------------------
[debug] 
[debug] [2026-04-10T00:11:36.503Z] >>> [apiv2][query] GET https://firebase-public.firebaseio.com/cli.json [none]
[debug] [2026-04-10T00:11:38.277Z] > command requires scopes: ["email","openid","https://www.googleapis.com/auth/cloudplatformprojects.readonly","https://www.googleapis.com/auth/firebase","https://www.googleapis.com/auth/cloud-platform"]
[debug] [2026-04-10T00:11:38.278Z] > authorizing via signed-in user (idouhak1@gmail.com)
[debug] [2026-04-10T00:11:38.278Z] [iam] checking project vocaquest-7ebea for permissions ["firebase.projects.get","firebasehosting.sites.update"]
[debug] [2026-04-10T00:11:38.278Z] Checked if tokens are valid: false, expires at: 1775439959690
[debug] [2026-04-10T00:11:38.278Z] Checked if tokens are valid: false, expires at: 1775439959690
[debug] [2026-04-10T00:11:38.279Z] > refreshing access token with scopes: []
[debug] [2026-04-10T00:11:38.279Z] >>> [apiv2][query] POST https://www.googleapis.com/oauth2/v3/token [none]
[debug] [2026-04-10T00:11:38.279Z] >>> [apiv2][body] POST https://www.googleapis.com/oauth2/v3/token [omitted]
[debug] [2026-04-10T00:11:38.505Z] <<< [apiv2][status] POST https://www.googleapis.com/oauth2/v3/token 200
[debug] [2026-04-10T00:11:38.505Z] <<< [apiv2][body] POST https://www.googleapis.com/oauth2/v3/token [omitted]
[debug] [2026-04-10T00:11:38.516Z] >>> [apiv2][query] POST https://cloudresourcemanager.googleapis.com/v1/projects/vocaquest-7ebea:testIamPermissions [none]
[debug] [2026-04-10T00:11:38.516Z] >>> [apiv2][(partial)header] POST https://cloudresourcemanager.googleapis.com/v1/projects/vocaquest-7ebea:testIamPermissions  x-goog-user-project=vocaquest-7ebea
[debug] [2026-04-10T00:11:38.516Z] >>> [apiv2][body] POST https://cloudresourcemanager.googleapis.com/v1/projects/vocaquest-7ebea:testIamPermissions {"permissions":["firebase.projects.get","firebasehosting.sites.update"]}
[debug] [2026-04-10T00:11:38.861Z] <<< [apiv2][status] GET https://firebase-public.firebaseio.com/cli.json 200
[debug] [2026-04-10T00:11:38.861Z] <<< [apiv2][body] GET https://firebase-public.firebaseio.com/cli.json {"cloudBuildErrorAfter":1594252800000,"cloudBuildWarnAfter":1590019200000,"defaultNode10After":1594252800000,"minVersion":"3.0.5","node8DeploysDisabledAfter":1613390400000,"node8RuntimeDisabledAfter":1615809600000,"node8WarnAfter":1600128000000}
[debug] [2026-04-10T00:11:39.783Z] <<< [apiv2][status] POST https://cloudresourcemanager.googleapis.com/v1/projects/vocaquest-7ebea:testIamPermissions 403
[debug] [2026-04-10T00:11:39.783Z] <<< [apiv2][body] POST https://cloudresourcemanager.googleapis.com/v1/projects/vocaquest-7ebea:testIamPermissions {"error":{"code":403,"message":"Caller does not have required permission to use project vocaquest-7ebea. Grant the caller the roles/serviceusage.serviceUsageConsumer role, or a custom role with the serviceusage.services.use permission, by visiting https://console.developers.google.com/iam-admin/iam?project=vocaquest-7ebea and then retry. Propagation of the new permission may take a few minutes.","status":"PERMISSION_DENIED","details":[{"@type":"type.googleapis.com/google.rpc.ErrorInfo","reason":"USER_PROJECT_DENIED","domain":"googleapis.com","metadata":{"containerInfo":"vocaquest-7ebea","consoleUrl":"https://console.developers.google.com/iam-admin/iam?project=vocaquest-7ebea","service":"cloudresourcemanager.googleapis.com","consumer":"projects/vocaquest-7ebea"}},{"@type":"type.googleapis.com/google.rpc.LocalizedMessage","locale":"en-US","message":"Caller does not have required permission to use project vocaquest-7ebea. Grant the caller the roles/serviceusage.serviceUsageConsumer role, or a custom role with the serviceusage.services.use permission, by visiting https://console.developers.google.com/iam-admin/iam?project=vocaquest-7ebea and then retry. Propagation of the new permission may take a few minutes."},{"@type":"type.googleapis.com/google.rpc.Help","links":[{"description":"Google developer console IAM admin","url":"https://console.developers.google.com/iam-admin/iam?project=vocaquest-7ebea"}]}]}}
[debug] [2026-04-10T00:11:39.783Z] [iam] error while checking permissions, command may fail: Request to https://cloudresourcemanager.googleapis.com/v1/projects/vocaquest-7ebea:testIamPermissions had HTTP Error: 403, Caller does not have required permission to use project vocaquest-7ebea. Grant the caller the roles/serviceusage.serviceUsageConsumer role, or a custom role with the serviceusage.services.use permission, by visiting https://console.developers.google.com/iam-admin/iam?project=vocaquest-7ebea and then retry. Propagation of the new permission may take a few minutes.
[debug] [2026-04-10T00:11:39.784Z] Checked if tokens are valid: true, expires at: 1775783497505
[debug] [2026-04-10T00:11:39.784Z] Checked if tokens are valid: true, expires at: 1775783497505
[debug] [2026-04-10T00:11:39.784Z] >>> [apiv2][query] GET https://firebase.googleapis.com/v1beta1/projects/vocaquest-7ebea [none]
[debug] [2026-04-10T00:11:40.295Z] <<< [apiv2][status] GET https://firebase.googleapis.com/v1beta1/projects/vocaquest-7ebea 403
[debug] [2026-04-10T00:11:40.295Z] <<< [apiv2][body] GET https://firebase.googleapis.com/v1beta1/projects/vocaquest-7ebea {"error":{"code":403,"message":"The caller does not have permission","status":"PERMISSION_DENIED"}}
[debug] [2026-04-10T00:11:40.296Z] Request to https://firebase.googleapis.com/v1beta1/projects/vocaquest-7ebea had HTTP Error: 403, The caller does not have permission
[debug] [2026-04-10T00:11:40.527Z] FirebaseError: Request to https://firebase.googleapis.com/v1beta1/projects/vocaquest-7ebea had HTTP Error: 403, The caller does not have permission
    at responseToError (C:\Users\idouh\AppData\Roaming\npm\node_modules\firebase-tools\lib\responseToError.js:53:12)
    at RetryOperation._fn (C:\Users\idouh\AppData\Roaming\npm\node_modules\firebase-tools\lib\apiv2.js:330:77)
    at process.processTicksAndRejections (node:internal/process/task_queues:104:5)
[error] 
[error] Error: Failed to get Firebase project vocaquest-7ebea. Please make sure the project exists and your account has permission to access it.
[debug] [2026-04-12T04:59:14.953Z] ----------------------------------------------------------------------
[debug] [2026-04-12T04:59:14.955Z] Command:       C:\Program Files\nodejs\node.exe C:\Users\idouh\AppData\Roaming\npm\node_modules\firebase-tools\lib\bin\firebase.js deploy --only hosting
[debug] [2026-04-12T04:59:14.955Z] CLI Version:   15.8.0
[debug] [2026-04-12T04:59:14.955Z] Platform:      win32
[debug] [2026-04-12T04:59:14.956Z] Node Version:  v24.14.0
[debug] [2026-04-12T04:59:14.956Z] Time:          Sun Apr 12 2026 11:59:14 GMT+0700 (인도차이나 시간)
[debug] [2026-04-12T04:59:14.956Z] ----------------------------------------------------------------------
[debug] 
[debug] [2026-04-12T04:59:14.957Z] >>> [apiv2][query] GET https://firebase-public.firebaseio.com/cli.json [none]
[debug] [2026-04-12T04:59:16.654Z] > command requires scopes: ["email","openid","https://www.googleapis.com/auth/cloudplatformprojects.readonly","https://www.googleapis.com/auth/firebase","https://www.googleapis.com/auth/cloud-platform"]
[debug] [2026-04-12T04:59:16.654Z] > authorizing via signed-in user (idouhak1@gmail.com)
[debug] [2026-04-12T04:59:16.654Z] [iam] checking project vocaquest-7ebea for permissions ["firebase.projects.get","firebasehosting.sites.update"]
[debug] [2026-04-12T04:59:16.655Z] Checked if tokens are valid: false, expires at: 1775783497505
[debug] [2026-04-12T04:59:16.655Z] Checked if tokens are valid: false, expires at: 1775783497505
[debug] [2026-04-12T04:59:16.655Z] > refreshing access token with scopes: []
[debug] [2026-04-12T04:59:16.656Z] >>> [apiv2][query] POST https://www.googleapis.com/oauth2/v3/token [none]
[debug] [2026-04-12T04:59:16.656Z] >>> [apiv2][body] POST https://www.googleapis.com/oauth2/v3/token [omitted]
[debug] [2026-04-12T04:59:16.885Z] <<< [apiv2][status] POST https://www.googleapis.com/oauth2/v3/token 200
[debug] [2026-04-12T04:59:16.885Z] <<< [apiv2][body] POST https://www.googleapis.com/oauth2/v3/token [omitted]
[debug] [2026-04-12T04:59:16.891Z] >>> [apiv2][query] POST https://cloudresourcemanager.googleapis.com/v1/projects/vocaquest-7ebea:testIamPermissions [none]
[debug] [2026-04-12T04:59:16.891Z] >>> [apiv2][(partial)header] POST https://cloudresourcemanager.googleapis.com/v1/projects/vocaquest-7ebea:testIamPermissions  x-goog-user-project=vocaquest-7ebea
[debug] [2026-04-12T04:59:16.891Z] >>> [apiv2][body] POST https://cloudresourcemanager.googleapis.com/v1/projects/vocaquest-7ebea:testIamPermissions {"permissions":["firebase.projects.get","firebasehosting.sites.update"]}
[debug] [2026-04-12T04:59:17.214Z] <<< [apiv2][status] GET https://firebase-public.firebaseio.com/cli.json 200
[debug] [2026-04-12T04:59:17.214Z] <<< [apiv2][body] GET https://firebase-public.firebaseio.com/cli.json {"cloudBuildErrorAfter":1594252800000,"cloudBuildWarnAfter":1590019200000,"defaultNode10After":1594252800000,"minVersion":"3.0.5","node8DeploysDisabledAfter":1613390400000,"node8RuntimeDisabledAfter":1615809600000,"node8WarnAfter":1600128000000}
[debug] [2026-04-12T04:59:18.058Z] <<< [apiv2][status] POST https://cloudresourcemanager.googleapis.com/v1/projects/vocaquest-7ebea:testIamPermissions 403
[debug] [2026-04-12T04:59:18.058Z] <<< [apiv2][body] POST https://cloudresourcemanager.googleapis.com/v1/projects/vocaquest-7ebea:testIamPermissions {"error":{"code":403,"message":"Caller does not have required permission to use project vocaquest-7ebea. Grant the caller the roles/serviceusage.serviceUsageConsumer role, or a custom role with the serviceusage.services.use permission, by visiting https://console.developers.google.com/iam-admin/iam?project=vocaquest-7ebea and then retry. Propagation of the new permission may take a few minutes.","status":"PERMISSION_DENIED","details":[{"@type":"type.googleapis.com/google.rpc.ErrorInfo","reason":"USER_PROJECT_DENIED","domain":"googleapis.com","metadata":{"consoleUrl":"https://console.developers.google.com/iam-admin/iam?project=vocaquest-7ebea","containerInfo":"vocaquest-7ebea","service":"cloudresourcemanager.googleapis.com","consumer":"projects/vocaquest-7ebea"}},{"@type":"type.googleapis.com/google.rpc.LocalizedMessage","locale":"en-US","message":"Caller does not have required permission to use project vocaquest-7ebea. Grant the caller the roles/serviceusage.serviceUsageConsumer role, or a custom role with the serviceusage.services.use permission, by visiting https://console.developers.google.com/iam-admin/iam?project=vocaquest-7ebea and then retry. Propagation of the new permission may take a few minutes."},{"@type":"type.googleapis.com/google.rpc.Help","links":[{"description":"Google developer console IAM admin","url":"https://console.developers.google.com/iam-admin/iam?project=vocaquest-7ebea"}]}]}}
[debug] [2026-04-12T04:59:18.059Z] [iam] error while checking permissions, command may fail: Request to https://cloudresourcemanager.googleapis.com/v1/projects/vocaquest-7ebea:testIamPermissions had HTTP Error: 403, Caller does not have required permission to use project vocaquest-7ebea. Grant the caller the roles/serviceusage.serviceUsageConsumer role, or a custom role with the serviceusage.services.use permission, by visiting https://console.developers.google.com/iam-admin/iam?project=vocaquest-7ebea and then retry. Propagation of the new permission may take a few minutes.
[debug] [2026-04-12T04:59:18.060Z] Checked if tokens are valid: true, expires at: 1775973555885
[debug] [2026-04-12T04:59:18.060Z] Checked if tokens are valid: true, expires at: 1775973555885
[debug] [2026-04-12T04:59:18.061Z] >>> [apiv2][query] GET https://firebase.googleapis.com/v1beta1/projects/vocaquest-7ebea [none]
[debug] [2026-04-12T04:59:18.564Z] <<< [apiv2][status] GET https://firebase.googleapis.com/v1beta1/projects/vocaquest-7ebea 403
[debug] [2026-04-12T04:59:18.564Z] <<< [apiv2][body] GET https://firebase.googleapis.com/v1beta1/projects/vocaquest-7ebea {"error":{"code":403,"message":"The caller does not have permission","status":"PERMISSION_DENIED"}}
[debug] [2026-04-12T04:59:18.565Z] Request to https://firebase.googleapis.com/v1beta1/projects/vocaquest-7ebea had HTTP Error: 403, The caller does not have permission
[debug] [2026-04-12T04:59:18.819Z] FirebaseError: Request to https://firebase.googleapis.com/v1beta1/projects/vocaquest-7ebea had HTTP Error: 403, The caller does not have permission
    at responseToError (C:\Users\idouh\AppData\Roaming\npm\node_modules\firebase-tools\lib\responseToError.js:53:12)
    at RetryOperation._fn (C:\Users\idouh\AppData\Roaming\npm\node_modules\firebase-tools\lib\apiv2.js:330:77)
    at process.processTicksAndRejections (node:internal/process/task_queues:104:5)
[error] 
[error] Error: Failed to get Firebase project vocaquest-7ebea. Please make sure the project exists and your account has permission to access it.
