
> app@1.4.8 build
> tsc -b && vite build

src/screens/HomeScreen.tsx(20,5): error TS6133: 'Search' is declared but its value is never read.
src/screens/HomeScreen.tsx(43,5): error TS6133: 'setUserPoints' is declared but its value is never read.
src/screens/HomeScreen.tsx(50,5): error TS6133: 'isPremium' is declared but its value is never read.
src/screens/HomeScreen.tsx(51,5): error TS6133: 'handleShowPaywall' is declared but its value is never read.
